Component: ARM Compiler 5.06 update 5 (build 528) Tool: armlink [4d35e2]

==============================================================================

Section Cross References

    startup_stm32f10x_hd.o(RESET) refers to startup_stm32f10x_hd.o(STACK) for __initial_sp
    startup_stm32f10x_hd.o(RESET) refers to startup_stm32f10x_hd.o(.text) for Reset_Handler
    startup_stm32f10x_hd.o(RESET) refers to stm32f10x_it.o(i.NMI_Handler) for NMI_Handler
    startup_stm32f10x_hd.o(RESET) refers to stm32f10x_it.o(i.HardFault_Handler) for HardFault_Handler
    startup_stm32f10x_hd.o(RESET) refers to stm32f10x_it.o(i.MemManage_Handler) for MemManage_Handler
    startup_stm32f10x_hd.o(RESET) refers to stm32f10x_it.o(i.BusFault_Handler) for BusFault_Handler
    startup_stm32f10x_hd.o(RESET) refers to stm32f10x_it.o(i.UsageFault_Handler) for UsageFault_Handler
    startup_stm32f10x_hd.o(RESET) refers to stm32f10x_it.o(i.SVC_Handler) for SVC_Handler
    startup_stm32f10x_hd.o(RESET) refers to stm32f10x_it.o(i.DebugMon_Handler) for DebugMon_Handler
    startup_stm32f10x_hd.o(RESET) refers to stm32f10x_it.o(i.PendSV_Handler) for PendSV_Handler
    startup_stm32f10x_hd.o(RESET) refers to stm32f10x_it.o(i.SysTick_Handler) for SysTick_Handler
    startup_stm32f10x_hd.o(RESET) refers to main.o(i.USART1_IRQHandler) for USART1_IRQHandler
    startup_stm32f10x_hd.o(.text) refers to system_stm32f10x.o(i.SystemInit) for SystemInit
    startup_stm32f10x_hd.o(.text) refers to entry.o(.ARM.Collect$$$$00000000) for __main
    system_stm32f10x.o(i.SetSysClock) refers to system_stm32f10x.o(i.SetSysClockTo72) for SetSysClockTo72
    system_stm32f10x.o(i.SystemCoreClockUpdate) refers to system_stm32f10x.o(.data) for SystemCoreClock
    system_stm32f10x.o(i.SystemInit) refers to system_stm32f10x.o(i.SetSysClock) for SetSysClock
    main.o(i.PB11_Input_Init) refers to stm32f10x_rcc.o(i.RCC_APB2PeriphClockCmd) for RCC_APB2PeriphClockCmd
    main.o(i.PB11_Input_Init) refers to stm32f10x_gpio.o(i.GPIO_Init) for GPIO_Init
    main.o(i.UART1_Init) refers to stm32f10x_rcc.o(i.RCC_APB2PeriphClockCmd) for RCC_APB2PeriphClockCmd
    main.o(i.UART1_Init) refers to stm32f10x_gpio.o(i.GPIO_Init) for GPIO_Init
    main.o(i.UART1_Init) refers to stm32f10x_usart.o(i.USART_Init) for USART_Init
    main.o(i.UART1_Init) refers to stm32f10x_usart.o(i.USART_ITConfig) for USART_ITConfig
    main.o(i.UART1_Init) refers to misc.o(i.NVIC_PriorityGroupConfig) for NVIC_PriorityGroupConfig
    main.o(i.UART1_Init) refers to misc.o(i.NVIC_Init) for NVIC_Init
    main.o(i.UART1_Init) refers to stm32f10x_usart.o(i.USART_Cmd) for USART_Cmd
    main.o(i.UART2_Init) refers to stm32f10x_rcc.o(i.RCC_APB1PeriphClockCmd) for RCC_APB1PeriphClockCmd
    main.o(i.UART2_Init) refers to stm32f10x_rcc.o(i.RCC_APB2PeriphClockCmd) for RCC_APB2PeriphClockCmd
    main.o(i.UART2_Init) refers to stm32f10x_gpio.o(i.GPIO_Init) for GPIO_Init
    main.o(i.UART2_Init) refers to stm32f10x_usart.o(i.USART_Init) for USART_Init
    main.o(i.UART2_Init) refers to stm32f10x_usart.o(i.USART_Cmd) for USART_Cmd
    main.o(i.USART1_IRQHandler) refers to stm32f10x_usart.o(i.USART_GetITStatus) for USART_GetITStatus
    main.o(i.USART1_IRQHandler) refers to stm32f10x_usart.o(i.USART_ReceiveData) for USART_ReceiveData
    main.o(i.USART1_IRQHandler) refers to otaport.o(i.OTA_ReceiveTask) for OTA_ReceiveTask
    main.o(i.main) refers to main.o(i.UART1_Init) for UART1_Init
    main.o(i.main) refers to main.o(i.UART2_Init) for UART2_Init
    main.o(i.main) refers to main.o(i.PB11_Input_Init) for PB11_Input_Init
    main.o(i.main) refers to otacore.o(i.OTA_Run) for OTA_Run
    delay.o(i.Delay_ms) refers to delay.o(i.Delay_us) for Delay_us
    delay.o(i.Delay_s) refers to delay.o(i.Delay_ms) for Delay_ms
    stm32f10x_bkp.o(i.BKP_DeInit) refers to stm32f10x_rcc.o(i.RCC_BackupResetCmd) for RCC_BackupResetCmd
    stm32f10x_flash.o(i.FLASH_EnableWriteProtection) refers to stm32f10x_flash.o(i.FLASH_WaitForLastOperation) for FLASH_WaitForLastOperation
    stm32f10x_flash.o(i.FLASH_EraseAllBank1Pages) refers to stm32f10x_flash.o(i.FLASH_WaitForLastBank1Operation) for FLASH_WaitForLastBank1Operation
    stm32f10x_flash.o(i.FLASH_EraseAllPages) refers to stm32f10x_flash.o(i.FLASH_WaitForLastOperation) for FLASH_WaitForLastOperation
    stm32f10x_flash.o(i.FLASH_EraseOptionBytes) refers to stm32f10x_flash.o(i.FLASH_GetReadOutProtectionStatus) for FLASH_GetReadOutProtectionStatus
    stm32f10x_flash.o(i.FLASH_EraseOptionBytes) refers to stm32f10x_flash.o(i.FLASH_WaitForLastOperation) for FLASH_WaitForLastOperation
    stm32f10x_flash.o(i.FLASH_ErasePage) refers to stm32f10x_flash.o(i.FLASH_WaitForLastOperation) for FLASH_WaitForLastOperation
    stm32f10x_flash.o(i.FLASH_ProgramHalfWord) refers to stm32f10x_flash.o(i.FLASH_WaitForLastOperation) for FLASH_WaitForLastOperation
    stm32f10x_flash.o(i.FLASH_ProgramOptionByteData) refers to stm32f10x_flash.o(i.FLASH_WaitForLastOperation) for FLASH_WaitForLastOperation
    stm32f10x_flash.o(i.FLASH_ProgramWord) refers to stm32f10x_flash.o(i.FLASH_WaitForLastOperation) for FLASH_WaitForLastOperation
    stm32f10x_flash.o(i.FLASH_ReadOutProtection) refers to stm32f10x_flash.o(i.FLASH_WaitForLastOperation) for FLASH_WaitForLastOperation
    stm32f10x_flash.o(i.FLASH_UserOptionByteConfig) refers to stm32f10x_flash.o(i.FLASH_WaitForLastOperation) for FLASH_WaitForLastOperation
    stm32f10x_flash.o(i.FLASH_WaitForLastBank1Operation) refers to stm32f10x_flash.o(i.FLASH_GetBank1Status) for FLASH_GetBank1Status
    stm32f10x_flash.o(i.FLASH_WaitForLastOperation) refers to stm32f10x_flash.o(i.FLASH_GetBank1Status) for FLASH_GetBank1Status
    stm32f10x_gpio.o(i.GPIO_AFIODeInit) refers to stm32f10x_rcc.o(i.RCC_APB2PeriphResetCmd) for RCC_APB2PeriphResetCmd
    stm32f10x_gpio.o(i.GPIO_DeInit) refers to stm32f10x_rcc.o(i.RCC_APB2PeriphResetCmd) for RCC_APB2PeriphResetCmd
    stm32f10x_rcc.o(i.RCC_GetClocksFreq) refers to stm32f10x_rcc.o(.data) for APBAHBPrescTable
    stm32f10x_rcc.o(i.RCC_WaitForHSEStartUp) refers to stm32f10x_rcc.o(i.RCC_GetFlagStatus) for RCC_GetFlagStatus
    stm32f10x_tim.o(i.TIM_DeInit) refers to stm32f10x_rcc.o(i.RCC_APB2PeriphResetCmd) for RCC_APB2PeriphResetCmd
    stm32f10x_tim.o(i.TIM_DeInit) refers to stm32f10x_rcc.o(i.RCC_APB1PeriphResetCmd) for RCC_APB1PeriphResetCmd
    stm32f10x_tim.o(i.TIM_ETRClockMode1Config) refers to stm32f10x_tim.o(i.TIM_ETRConfig) for TIM_ETRConfig
    stm32f10x_tim.o(i.TIM_ETRClockMode2Config) refers to stm32f10x_tim.o(i.TIM_ETRConfig) for TIM_ETRConfig
    stm32f10x_tim.o(i.TIM_ICInit) refers to stm32f10x_tim.o(i.TI1_Config) for TI1_Config
    stm32f10x_tim.o(i.TIM_ICInit) refers to stm32f10x_tim.o(i.TIM_SetIC1Prescaler) for TIM_SetIC1Prescaler
    stm32f10x_tim.o(i.TIM_ICInit) refers to stm32f10x_tim.o(i.TI2_Config) for TI2_Config
    stm32f10x_tim.o(i.TIM_ICInit) refers to stm32f10x_tim.o(i.TIM_SetIC2Prescaler) for TIM_SetIC2Prescaler
    stm32f10x_tim.o(i.TIM_ICInit) refers to stm32f10x_tim.o(i.TI3_Config) for TI3_Config
    stm32f10x_tim.o(i.TIM_ICInit) refers to stm32f10x_tim.o(i.TIM_SetIC3Prescaler) for TIM_SetIC3Prescaler
    stm32f10x_tim.o(i.TIM_ICInit) refers to stm32f10x_tim.o(i.TI4_Config) for TI4_Config
    stm32f10x_tim.o(i.TIM_ICInit) refers to stm32f10x_tim.o(i.TIM_SetIC4Prescaler) for TIM_SetIC4Prescaler
    stm32f10x_tim.o(i.TIM_ITRxExternalClockConfig) refers to stm32f10x_tim.o(i.TIM_SelectInputTrigger) for TIM_SelectInputTrigger
    stm32f10x_tim.o(i.TIM_PWMIConfig) refers to stm32f10x_tim.o(i.TI1_Config) for TI1_Config
    stm32f10x_tim.o(i.TIM_PWMIConfig) refers to stm32f10x_tim.o(i.TIM_SetIC1Prescaler) for TIM_SetIC1Prescaler
    stm32f10x_tim.o(i.TIM_PWMIConfig) refers to stm32f10x_tim.o(i.TI2_Config) for TI2_Config
    stm32f10x_tim.o(i.TIM_PWMIConfig) refers to stm32f10x_tim.o(i.TIM_SetIC2Prescaler) for TIM_SetIC2Prescaler
    stm32f10x_tim.o(i.TIM_TIxExternalClockConfig) refers to stm32f10x_tim.o(i.TI2_Config) for TI2_Config
    stm32f10x_tim.o(i.TIM_TIxExternalClockConfig) refers to stm32f10x_tim.o(i.TI1_Config) for TI1_Config
    stm32f10x_tim.o(i.TIM_TIxExternalClockConfig) refers to stm32f10x_tim.o(i.TIM_SelectInputTrigger) for TIM_SelectInputTrigger
    stm32f10x_usart.o(i.USART_DeInit) refers to stm32f10x_rcc.o(i.RCC_APB2PeriphResetCmd) for RCC_APB2PeriphResetCmd
    stm32f10x_usart.o(i.USART_DeInit) refers to stm32f10x_rcc.o(i.RCC_APB1PeriphResetCmd) for RCC_APB1PeriphResetCmd
    stm32f10x_usart.o(i.USART_Init) refers to stm32f10x_rcc.o(i.RCC_GetClocksFreq) for RCC_GetClocksFreq
    otacore.o(i.OTA_GetJumpTar) refers to otacore.o(i.Verify_App_Slot) for Verify_App_Slot
    otacore.o(i.OTA_IsUserSetingsValid) refers to otaport.o(i.OTA_DebugSend) for OTA_DebugSend
    otacore.o(i.OTA_IsUserSetingsValid) refers to otacore.o(.conststring) for .conststring
    otacore.o(i.OTA_Run) refers to otacore.o(i.OTA_IsUserSetingsValid) for OTA_IsUserSetingsValid
    otacore.o(i.OTA_Run) refers to memcpya.o(.text) for __aeabi_memcpy4
    otacore.o(i.OTA_Run) refers to otacore.o(i.OTA_SaveMeta) for OTA_SaveMeta
    otacore.o(i.OTA_Run) refers to otacore.o(i.OTA_UpdateMeta) for OTA_UpdateMeta
    otacore.o(i.OTA_Run) refers to otaport.o(i.OTA_ShouldEnterIap) for OTA_ShouldEnterIap
    otacore.o(i.OTA_Run) refers to otaport.o(i.OTA_DebugSend) for OTA_DebugSend
    otacore.o(i.OTA_Run) refers to otautils.o(i.OTA_PrintHex32) for OTA_PrintHex32
    otacore.o(i.OTA_Run) refers to otacore.o(i.OTA_RunIAP) for OTA_RunIAP
    otacore.o(i.OTA_Run) refers to otacore.o(i.OTA_GetJumpTar) for OTA_GetJumpTar
    otacore.o(i.OTA_Run) refers to otajump.o(i.JumpToApp) for JumpToApp
    otacore.o(i.OTA_RunIAP) refers to otaport.o(i.OTA_DebugSend) for OTA_DebugSend
    otacore.o(i.OTA_RunIAP) refers to otaxmodem.o(i.OTA_XmodemInit) for OTA_XmodemInit
    otacore.o(i.OTA_RunIAP) refers to otaxmodem.o(i.OTA_GetXmodemHandle) for OTA_GetXmodemHandle
    otacore.o(i.OTA_RunIAP) refers to otaxmodem.o(i.OTA_XmodemRevCompFlag) for OTA_XmodemRevCompFlag
    otacore.o(i.OTA_RunIAP) refers to otaport.o(i.OTA_SendByte) for OTA_SendByte
    otacore.o(i.OTA_RunIAP) refers to otaport.o(i.OTA_Delay1ms) for OTA_Delay1ms
    otacore.o(i.OTA_RunIAP) refers to otajump.o(i.JumpToApp) for JumpToApp
    otacore.o(i.OTA_SaveMeta) refers to otautils.o(i.OTA_MemSet) for OTA_MemSet
    otacore.o(i.OTA_SaveMeta) refers to otautils.o(i.OTA_MemCopy) for OTA_MemCopy
    otacore.o(i.OTA_SaveMeta) refers to otaflash.o(i.Flash_SetCurAddr) for Flash_SetCurAddr
    otacore.o(i.OTA_SaveMeta) refers to otaflash.o(i.Flash_SetMirr) for Flash_SetMirr
    otacore.o(i.OTA_SaveMeta) refers to otaflash.o(i.Flash_Write) for Flash_Write
    otacore.o(i.OTA_UpdateMeta) refers to otacore.o(i.Verify_App_Slot) for Verify_App_Slot
    otacore.o(i.OTA_UpdateMeta) refers to otacore.o(i.OTA_SaveMeta) for OTA_SaveMeta
    otacore.o(i.Verify_App_Slot) refers to otautils.o(i.XmodemCrc16) for XmodemCrc16
    otaport.o(i.OTA_DebugSend) refers to stm32f10x_usart.o(i.USART_GetFlagStatus) for USART_GetFlagStatus
    otaport.o(i.OTA_DebugSend) refers to stm32f10x_usart.o(i.USART_SendData) for USART_SendData
    otaport.o(i.OTA_DrvProgramHalfword) refers to stm32f10x_flash.o(i.FLASH_ProgramHalfWord) for FLASH_ProgramHalfWord
    otaport.o(i.OTA_DrvRead) refers to otautils.o(i.OTA_MemCopy) for OTA_MemCopy
    otaport.o(i.OTA_ErasePage) refers to stm32f10x_flash.o(i.FLASH_ErasePage) for FLASH_ErasePage
    otaport.o(i.OTA_FlashLock) refers to stm32f10x_flash.o(i.FLASH_Lock) for FLASH_Lock
    otaport.o(i.OTA_FlashUnlock) refers to stm32f10x_flash.o(i.FLASH_Unlock) for FLASH_Unlock
    otaport.o(i.OTA_FlashUnlock) refers to stm32f10x_flash.o(i.FLASH_ClearFlag) for FLASH_ClearFlag
    otaport.o(i.OTA_ReceiveTask) refers to otaxmodem.o(i.OTA_XmodemRevByte) for OTA_XmodemRevByte
    otaport.o(i.OTA_SendByte) refers to stm32f10x_usart.o(i.USART_GetFlagStatus) for USART_GetFlagStatus
    otaport.o(i.OTA_SendByte) refers to stm32f10x_usart.o(i.USART_SendData) for USART_SendData
    otaport.o(i.OTA_ShouldEnterIap) refers to stm32f10x_gpio.o(i.GPIO_ReadInputDataBit) for GPIO_ReadInputDataBit
    otajump.o(i.JumpToApp) refers to otaport.o(i.OTA_PeripheralsDeInit) for OTA_PeripheralsDeInit
    otajump.o(i.JumpToApp) refers to otajump.o(i.OTA_IsAppValid) for OTA_IsAppValid
    otajump.o(i.JumpToApp) refers to core_cm3.o(.emb_text) for __set_MSP
    otautils.o(i.OTA_PrintHex32) refers to otaport.o(i.OTA_DebugSend) for OTA_DebugSend
    otaflash.o(i.FlashHandle_Init) refers to otaport.o(i.OTA_DrvRead) for OTA_DrvRead
    otaflash.o(i.FlashHandle_Init) refers to otaflash.o(.bss) for flash
    otaflash.o(i.Flash_GetCurAddr) refers to otaflash.o(.bss) for flash
    otaflash.o(i.Flash_GetMirr) refers to otaflash.o(.bss) for flash
    otaflash.o(i.Flash_GetPageOffset) refers to otaflash.o(.bss) for flash
    otaflash.o(i.Flash_SetCurAddr) refers to otaflash.o(.bss) for flash
    otaflash.o(i.Flash_SetMirr) refers to otautils.o(i.OTA_MemCopy) for OTA_MemCopy
    otaflash.o(i.Flash_SetMirr) refers to otaflash.o(.bss) for flash
    otaflash.o(i.Flash_SetPageOffset) refers to otaflash.o(.bss) for flash
    otaflash.o(i.Flash_Write) refers to otaport.o(i.OTA_FlashUnlock) for OTA_FlashUnlock
    otaflash.o(i.Flash_Write) refers to otaport.o(i.OTA_DebugSend) for OTA_DebugSend
    otaflash.o(i.Flash_Write) refers to otaport.o(i.OTA_ErasePage) for OTA_ErasePage
    otaflash.o(i.Flash_Write) refers to otaport.o(i.OTA_FlashLock) for OTA_FlashLock
    otaflash.o(i.Flash_Write) refers to otaport.o(i.OTA_DrvProgramHalfword) for OTA_DrvProgramHalfword
    otaflash.o(i.Flash_Write) refers to otaflash.o(.bss) for flash
    otaxmodem.o(i.Handle_WaitBlk) refers to otaport.o(i.OTA_DebugSend) for OTA_DebugSend
    otaxmodem.o(i.Handle_WaitBlk) refers to otaxmodem.o(.bss) for xm
    otaxmodem.o(i.Handle_WaitBlkInv) refers to otaport.o(i.OTA_DebugSend) for OTA_DebugSend
    otaxmodem.o(i.Handle_WaitBlkInv) refers to otaport.o(i.OTA_SendByte) for OTA_SendByte
    otaxmodem.o(i.Handle_WaitBlkInv) refers to otaxmodem.o(.bss) for xm
    otaxmodem.o(i.Handle_WaitBlkInv) refers to otaxmodem.o(.conststring) for .conststring
    otaxmodem.o(i.Handle_WaitCrc1) refers to otaport.o(i.OTA_DebugSend) for OTA_DebugSend
    otaxmodem.o(i.Handle_WaitCrc1) refers to otaxmodem.o(.bss) for xm
    otaxmodem.o(i.Handle_WaitCrc2) refers to otaport.o(i.OTA_DebugSend) for OTA_DebugSend
    otaxmodem.o(i.Handle_WaitCrc2) refers to otautils.o(i.XmodemCrc16) for XmodemCrc16
    otaxmodem.o(i.Handle_WaitCrc2) refers to otaflash.o(i.Flash_GetPageOffset) for Flash_GetPageOffset
    otaxmodem.o(i.Handle_WaitCrc2) refers to otaflash.o(i.Flash_Write) for Flash_Write
    otaxmodem.o(i.Handle_WaitCrc2) refers to otaflash.o(i.Flash_GetMirr) for Flash_GetMirr
    otaxmodem.o(i.Handle_WaitCrc2) refers to otautils.o(i.U8ArryCopy) for U8ArryCopy
    otaxmodem.o(i.Handle_WaitCrc2) refers to otaflash.o(i.Flash_SetPageOffset) for Flash_SetPageOffset
    otaxmodem.o(i.Handle_WaitCrc2) refers to otaport.o(i.OTA_SendByte) for OTA_SendByte
    otaxmodem.o(i.Handle_WaitCrc2) refers to otaxmodem.o(.bss) for xm
    otaxmodem.o(i.Handle_WaitData) refers to otaxmodem.o(.bss) for xm
    otaxmodem.o(i.Handle_WaitStart) refers to otaport.o(i.OTA_DebugSend) for OTA_DebugSend
    otaxmodem.o(i.Handle_WaitStart) refers to otaport.o(i.OTA_SendByte) for OTA_SendByte
    otaxmodem.o(i.Handle_WaitStart) refers to otaflash.o(i.Flash_GetPageOffset) for Flash_GetPageOffset
    otaxmodem.o(i.Handle_WaitStart) refers to otaflash.o(i.Flash_Write) for Flash_Write
    otaxmodem.o(i.Handle_WaitStart) refers to otaxmodem.o(.bss) for xm
    otaxmodem.o(i.Handle_WaitStart) refers to otaxmodem.o(.data) for RecComp_Flag
    otaxmodem.o(i.OTA_GetXmodemHandle) refers to otaxmodem.o(.bss) for xm
    otaxmodem.o(i.OTA_XmodemInit) refers to memseta.o(.text) for __aeabi_memclr
    otaxmodem.o(i.OTA_XmodemInit) refers to otaflash.o(i.FlashHandle_Init) for FlashHandle_Init
    otaxmodem.o(i.OTA_XmodemInit) refers to otaxmodem.o(.bss) for xm
    otaxmodem.o(i.OTA_XmodemInit) refers to otaxmodem.o(.data) for RecComp_Flag
    otaxmodem.o(i.OTA_XmodemRevByte) refers to otaxmodem.o(.bss) for xm
    otaxmodem.o(i.OTA_XmodemRevByte) refers to otaxmodem.o(.constdata) for xm_state_handlers
    otaxmodem.o(i.OTA_XmodemRevCompFlag) refers to otaxmodem.o(.data) for RecComp_Flag
    otaxmodem.o(.constdata) refers to otaxmodem.o(i.Handle_WaitStart) for Handle_WaitStart
    otaxmodem.o(.constdata) refers to otaxmodem.o(i.Handle_WaitBlk) for Handle_WaitBlk
    otaxmodem.o(.constdata) refers to otaxmodem.o(i.Handle_WaitBlkInv) for Handle_WaitBlkInv
    otaxmodem.o(.constdata) refers to otaxmodem.o(i.Handle_WaitData) for Handle_WaitData
    otaxmodem.o(.constdata) refers to otaxmodem.o(i.Handle_WaitCrc1) for Handle_WaitCrc1
    otaxmodem.o(.constdata) refers to otaxmodem.o(i.Handle_WaitCrc2) for Handle_WaitCrc2
    entry.o(.ARM.Collect$$$$00000000) refers (Special) to entry10a.o(.ARM.Collect$$$$0000000D) for __rt_final_cpp
    entry.o(.ARM.Collect$$$$00000000) refers (Special) to entry11a.o(.ARM.Collect$$$$0000000F) for __rt_final_exit
    entry.o(.ARM.Collect$$$$00000000) refers (Special) to entry7b.o(.ARM.Collect$$$$00000008) for _main_clock
    entry.o(.ARM.Collect$$$$00000000) refers (Special) to entry8b.o(.ARM.Collect$$$$0000000A) for _main_cpp_init
    entry.o(.ARM.Collect$$$$00000000) refers (Special) to entry9a.o(.ARM.Collect$$$$0000000B) for _main_init
    entry.o(.ARM.Collect$$$$00000000) refers (Special) to entry5.o(.ARM.Collect$$$$00000004) for _main_scatterload
    entry.o(.ARM.Collect$$$$00000000) refers (Special) to entry2.o(.ARM.Collect$$$$00000001) for _main_stk
    entry2.o(.ARM.Collect$$$$00000001) refers to entry2.o(.ARM.Collect$$$$00002712) for __lit__00000000
    entry2.o(.ARM.Collect$$$$00002712) refers to startup_stm32f10x_hd.o(STACK) for __initial_sp
    entry2.o(__vectab_stack_and_reset_area) refers to startup_stm32f10x_hd.o(STACK) for __initial_sp
    entry2.o(__vectab_stack_and_reset_area) refers to entry.o(.ARM.Collect$$$$00000000) for __main
    entry5.o(.ARM.Collect$$$$00000004) refers to init.o(.text) for __scatterload
    entry9a.o(.ARM.Collect$$$$0000000B) refers to main.o(i.main) for main
    entry9b.o(.ARM.Collect$$$$0000000C) refers to main.o(i.main) for main
    init.o(.text) refers to entry5.o(.ARM.Collect$$$$00000004) for __main_after_scatterload


==============================================================================

Removing Unused input sections from the image.

    Removing startup_stm32f10x_hd.o(HEAP), (1024 bytes).
    Removing system_stm32f10x.o(i.SystemCoreClockUpdate), (164 bytes).
    Removing system_stm32f10x.o(.data), (20 bytes).
    Removing delay.o(i.Delay_ms), (24 bytes).
    Removing delay.o(i.Delay_s), (24 bytes).
    Removing delay.o(i.Delay_us), (46 bytes).
    Removing misc.o(i.NVIC_SetVectorTable), (20 bytes).
    Removing misc.o(i.NVIC_SystemLPConfig), (32 bytes).
    Removing misc.o(i.SysTick_CLKSourceConfig), (40 bytes).
    Removing stm32f10x_bkp.o(i.BKP_ClearFlag), (20 bytes).
    Removing stm32f10x_bkp.o(i.BKP_ClearITPendingBit), (20 bytes).
    Removing stm32f10x_bkp.o(i.BKP_DeInit), (16 bytes).
    Removing stm32f10x_bkp.o(i.BKP_GetFlagStatus), (12 bytes).
    Removing stm32f10x_bkp.o(i.BKP_GetITStatus), (12 bytes).
    Removing stm32f10x_bkp.o(i.BKP_ITConfig), (12 bytes).
    Removing stm32f10x_bkp.o(i.BKP_RTCOutputConfig), (28 bytes).
    Removing stm32f10x_bkp.o(i.BKP_ReadBackupRegister), (28 bytes).
    Removing stm32f10x_bkp.o(i.BKP_SetRTCCalibrationValue), (28 bytes).
    Removing stm32f10x_bkp.o(i.BKP_TamperPinCmd), (12 bytes).
    Removing stm32f10x_bkp.o(i.BKP_TamperPinLevelConfig), (12 bytes).
    Removing stm32f10x_bkp.o(i.BKP_WriteBackupRegister), (28 bytes).
    Removing stm32f10x_dbgmcu.o(i.DBGMCU_Config), (32 bytes).
    Removing stm32f10x_dbgmcu.o(i.DBGMCU_GetDEVID), (16 bytes).
    Removing stm32f10x_dbgmcu.o(i.DBGMCU_GetREVID), (12 bytes).
    Removing stm32f10x_exti.o(i.EXTI_ClearFlag), (12 bytes).
    Removing stm32f10x_exti.o(i.EXTI_ClearITPendingBit), (12 bytes).
    Removing stm32f10x_exti.o(i.EXTI_DeInit), (36 bytes).
    Removing stm32f10x_exti.o(i.EXTI_GenerateSWInterrupt), (16 bytes).
    Removing stm32f10x_exti.o(i.EXTI_GetFlagStatus), (24 bytes).
    Removing stm32f10x_exti.o(i.EXTI_GetITStatus), (40 bytes).
    Removing stm32f10x_exti.o(i.EXTI_Init), (148 bytes).
    Removing stm32f10x_exti.o(i.EXTI_StructInit), (16 bytes).
    Removing stm32f10x_flash.o(i.FLASH_EnableWriteProtection), (196 bytes).
    Removing stm32f10x_flash.o(i.FLASH_EraseAllBank1Pages), (72 bytes).
    Removing stm32f10x_flash.o(i.FLASH_EraseAllPages), (72 bytes).
    Removing stm32f10x_flash.o(i.FLASH_EraseOptionBytes), (168 bytes).
    Removing stm32f10x_flash.o(i.FLASH_GetFlagStatus), (48 bytes).
    Removing stm32f10x_flash.o(i.FLASH_GetPrefetchBufferStatus), (24 bytes).
    Removing stm32f10x_flash.o(i.FLASH_GetReadOutProtectionStatus), (24 bytes).
    Removing stm32f10x_flash.o(i.FLASH_GetStatus), (52 bytes).
    Removing stm32f10x_flash.o(i.FLASH_GetUserOptionByte), (12 bytes).
    Removing stm32f10x_flash.o(i.FLASH_GetWriteProtectionOptionByte), (12 bytes).
    Removing stm32f10x_flash.o(i.FLASH_HalfCycleAccessCmd), (28 bytes).
    Removing stm32f10x_flash.o(i.FLASH_ITConfig), (32 bytes).
    Removing stm32f10x_flash.o(i.FLASH_LockBank1), (20 bytes).
    Removing stm32f10x_flash.o(i.FLASH_PrefetchBufferCmd), (28 bytes).
    Removing stm32f10x_flash.o(i.FLASH_ProgramOptionByteData), (84 bytes).
    Removing stm32f10x_flash.o(i.FLASH_ProgramWord), (108 bytes).
    Removing stm32f10x_flash.o(i.FLASH_ReadOutProtection), (172 bytes).
    Removing stm32f10x_flash.o(i.FLASH_SetLatency), (24 bytes).
    Removing stm32f10x_flash.o(i.FLASH_UnlockBank1), (24 bytes).
    Removing stm32f10x_flash.o(i.FLASH_UserOptionByteConfig), (104 bytes).
    Removing stm32f10x_flash.o(i.FLASH_WaitForLastBank1Operation), (38 bytes).
    Removing stm32f10x_fsmc.o(i.FSMC_ClearFlag), (64 bytes).
    Removing stm32f10x_fsmc.o(i.FSMC_ClearITPendingBit), (72 bytes).
    Removing stm32f10x_fsmc.o(i.FSMC_GetECC), (28 bytes).
    Removing stm32f10x_fsmc.o(i.FSMC_GetFlagStatus), (56 bytes).
    Removing stm32f10x_fsmc.o(i.FSMC_GetITStatus), (68 bytes).
    Removing stm32f10x_fsmc.o(i.FSMC_ITConfig), (128 bytes).
    Removing stm32f10x_fsmc.o(i.FSMC_NANDCmd), (92 bytes).
    Removing stm32f10x_fsmc.o(i.FSMC_NANDDeInit), (68 bytes).
    Removing stm32f10x_fsmc.o(i.FSMC_NANDECCCmd), (92 bytes).
    Removing stm32f10x_fsmc.o(i.FSMC_NANDInit), (136 bytes).
    Removing stm32f10x_fsmc.o(i.FSMC_NANDStructInit), (54 bytes).
    Removing stm32f10x_fsmc.o(i.FSMC_NORSRAMCmd), (52 bytes).
    Removing stm32f10x_fsmc.o(i.FSMC_NORSRAMDeInit), (54 bytes).
    Removing stm32f10x_fsmc.o(i.FSMC_NORSRAMInit), (230 bytes).
    Removing stm32f10x_fsmc.o(i.FSMC_NORSRAMStructInit), (114 bytes).
    Removing stm32f10x_fsmc.o(i.FSMC_PCCARDCmd), (48 bytes).
    Removing stm32f10x_fsmc.o(i.FSMC_PCCARDDeInit), (40 bytes).
    Removing stm32f10x_fsmc.o(i.FSMC_PCCARDInit), (132 bytes).
    Removing stm32f10x_fsmc.o(i.FSMC_PCCARDStructInit), (60 bytes).
    Removing stm32f10x_gpio.o(i.GPIO_AFIODeInit), (20 bytes).
    Removing stm32f10x_gpio.o(i.GPIO_DeInit), (200 bytes).
    Removing stm32f10x_gpio.o(i.GPIO_ETH_MediaInterfaceConfig), (12 bytes).
    Removing stm32f10x_gpio.o(i.GPIO_EXTILineConfig), (64 bytes).
    Removing stm32f10x_gpio.o(i.GPIO_EventOutputCmd), (12 bytes).
    Removing stm32f10x_gpio.o(i.GPIO_EventOutputConfig), (32 bytes).
    Removing stm32f10x_gpio.o(i.GPIO_PinLockConfig), (18 bytes).
    Removing stm32f10x_gpio.o(i.GPIO_PinRemapConfig), (144 bytes).
    Removing stm32f10x_gpio.o(i.GPIO_ReadInputData), (8 bytes).
    Removing stm32f10x_gpio.o(i.GPIO_ReadOutputData), (8 bytes).
    Removing stm32f10x_gpio.o(i.GPIO_ReadOutputDataBit), (18 bytes).
    Removing stm32f10x_gpio.o(i.GPIO_ResetBits), (4 bytes).
    Removing stm32f10x_gpio.o(i.GPIO_SetBits), (4 bytes).
    Removing stm32f10x_gpio.o(i.GPIO_StructInit), (16 bytes).
    Removing stm32f10x_gpio.o(i.GPIO_Write), (4 bytes).
    Removing stm32f10x_gpio.o(i.GPIO_WriteBit), (10 bytes).
    Removing stm32f10x_rcc.o(i.RCC_ADCCLKConfig), (24 bytes).
    Removing stm32f10x_rcc.o(i.RCC_AHBPeriphClockCmd), (32 bytes).
    Removing stm32f10x_rcc.o(i.RCC_APB1PeriphResetCmd), (32 bytes).
    Removing stm32f10x_rcc.o(i.RCC_APB2PeriphResetCmd), (32 bytes).
    Removing stm32f10x_rcc.o(i.RCC_AdjustHSICalibrationValue), (24 bytes).
    Removing stm32f10x_rcc.o(i.RCC_BackupResetCmd), (12 bytes).
    Removing stm32f10x_rcc.o(i.RCC_ClearFlag), (20 bytes).
    Removing stm32f10x_rcc.o(i.RCC_ClearITPendingBit), (12 bytes).
    Removing stm32f10x_rcc.o(i.RCC_ClockSecuritySystemCmd), (12 bytes).
    Removing stm32f10x_rcc.o(i.RCC_DeInit), (76 bytes).
    Removing stm32f10x_rcc.o(i.RCC_GetFlagStatus), (60 bytes).
    Removing stm32f10x_rcc.o(i.RCC_GetITStatus), (24 bytes).
    Removing stm32f10x_rcc.o(i.RCC_GetSYSCLKSource), (16 bytes).
    Removing stm32f10x_rcc.o(i.RCC_HCLKConfig), (24 bytes).
    Removing stm32f10x_rcc.o(i.RCC_HSEConfig), (76 bytes).
    Removing stm32f10x_rcc.o(i.RCC_HSICmd), (12 bytes).
    Removing stm32f10x_rcc.o(i.RCC_ITConfig), (32 bytes).
    Removing stm32f10x_rcc.o(i.RCC_LSEConfig), (52 bytes).
    Removing stm32f10x_rcc.o(i.RCC_LSICmd), (12 bytes).
    Removing stm32f10x_rcc.o(i.RCC_MCOConfig), (12 bytes).
    Removing stm32f10x_rcc.o(i.RCC_PCLK1Config), (24 bytes).
    Removing stm32f10x_rcc.o(i.RCC_PCLK2Config), (24 bytes).
    Removing stm32f10x_rcc.o(i.RCC_PLLCmd), (12 bytes).
    Removing stm32f10x_rcc.o(i.RCC_PLLConfig), (28 bytes).
    Removing stm32f10x_rcc.o(i.RCC_RTCCLKCmd), (12 bytes).
    Removing stm32f10x_rcc.o(i.RCC_RTCCLKConfig), (16 bytes).
    Removing stm32f10x_rcc.o(i.RCC_SYSCLKConfig), (24 bytes).
    Removing stm32f10x_rcc.o(i.RCC_USBCLKConfig), (12 bytes).
    Removing stm32f10x_rcc.o(i.RCC_WaitForHSEStartUp), (56 bytes).
    Removing stm32f10x_tim.o(i.TI1_Config), (128 bytes).
    Removing stm32f10x_tim.o(i.TI2_Config), (152 bytes).
    Removing stm32f10x_tim.o(i.TI3_Config), (144 bytes).
    Removing stm32f10x_tim.o(i.TI4_Config), (152 bytes).
    Removing stm32f10x_tim.o(i.TIM_ARRPreloadConfig), (24 bytes).
    Removing stm32f10x_tim.o(i.TIM_BDTRConfig), (32 bytes).
    Removing stm32f10x_tim.o(i.TIM_BDTRStructInit), (18 bytes).
    Removing stm32f10x_tim.o(i.TIM_CCPreloadControl), (24 bytes).
    Removing stm32f10x_tim.o(i.TIM_CCxCmd), (30 bytes).
    Removing stm32f10x_tim.o(i.TIM_CCxNCmd), (30 bytes).
    Removing stm32f10x_tim.o(i.TIM_ClearFlag), (6 bytes).
    Removing stm32f10x_tim.o(i.TIM_ClearITPendingBit), (6 bytes).
    Removing stm32f10x_tim.o(i.TIM_ClearOC1Ref), (18 bytes).
    Removing stm32f10x_tim.o(i.TIM_ClearOC2Ref), (24 bytes).
    Removing stm32f10x_tim.o(i.TIM_ClearOC3Ref), (18 bytes).
    Removing stm32f10x_tim.o(i.TIM_ClearOC4Ref), (24 bytes).
    Removing stm32f10x_tim.o(i.TIM_Cmd), (24 bytes).
    Removing stm32f10x_tim.o(i.TIM_CounterModeConfig), (18 bytes).
    Removing stm32f10x_tim.o(i.TIM_CtrlPWMOutputs), (30 bytes).
    Removing stm32f10x_tim.o(i.TIM_DMACmd), (18 bytes).
    Removing stm32f10x_tim.o(i.TIM_DMAConfig), (10 bytes).
    Removing stm32f10x_tim.o(i.TIM_DeInit), (488 bytes).
    Removing stm32f10x_tim.o(i.TIM_ETRClockMode1Config), (54 bytes).
    Removing stm32f10x_tim.o(i.TIM_ETRClockMode2Config), (32 bytes).
    Removing stm32f10x_tim.o(i.TIM_ETRConfig), (28 bytes).
    Removing stm32f10x_tim.o(i.TIM_EncoderInterfaceConfig), (66 bytes).
    Removing stm32f10x_tim.o(i.TIM_ForcedOC1Config), (18 bytes).
    Removing stm32f10x_tim.o(i.TIM_ForcedOC2Config), (26 bytes).
    Removing stm32f10x_tim.o(i.TIM_ForcedOC3Config), (18 bytes).
    Removing stm32f10x_tim.o(i.TIM_ForcedOC4Config), (26 bytes).
    Removing stm32f10x_tim.o(i.TIM_GenerateEvent), (4 bytes).
    Removing stm32f10x_tim.o(i.TIM_GetCapture1), (6 bytes).
    Removing stm32f10x_tim.o(i.TIM_GetCapture2), (6 bytes).
    Removing stm32f10x_tim.o(i.TIM_GetCapture3), (6 bytes).
    Removing stm32f10x_tim.o(i.TIM_GetCapture4), (8 bytes).
    Removing stm32f10x_tim.o(i.TIM_GetCounter), (6 bytes).
    Removing stm32f10x_tim.o(i.TIM_GetFlagStatus), (18 bytes).
    Removing stm32f10x_tim.o(i.TIM_GetITStatus), (34 bytes).
    Removing stm32f10x_tim.o(i.TIM_GetPrescaler), (6 bytes).
    Removing stm32f10x_tim.o(i.TIM_ICInit), (172 bytes).
    Removing stm32f10x_tim.o(i.TIM_ICStructInit), (18 bytes).
    Removing stm32f10x_tim.o(i.TIM_ITConfig), (18 bytes).
    Removing stm32f10x_tim.o(i.TIM_ITRxExternalClockConfig), (24 bytes).
    Removing stm32f10x_tim.o(i.TIM_InternalClockConfig), (12 bytes).
    Removing stm32f10x_tim.o(i.TIM_OC1FastConfig), (18 bytes).
    Removing stm32f10x_tim.o(i.TIM_OC1Init), (152 bytes).
    Removing stm32f10x_tim.o(i.TIM_OC1NPolarityConfig), (18 bytes).
    Removing stm32f10x_tim.o(i.TIM_OC1PolarityConfig), (18 bytes).
    Removing stm32f10x_tim.o(i.TIM_OC1PreloadConfig), (18 bytes).
    Removing stm32f10x_tim.o(i.TIM_OC2FastConfig), (26 bytes).
    Removing stm32f10x_tim.o(i.TIM_OC2Init), (164 bytes).
    Removing stm32f10x_tim.o(i.TIM_OC2NPolarityConfig), (26 bytes).
    Removing stm32f10x_tim.o(i.TIM_OC2PolarityConfig), (26 bytes).
    Removing stm32f10x_tim.o(i.TIM_OC2PreloadConfig), (26 bytes).
    Removing stm32f10x_tim.o(i.TIM_OC3FastConfig), (18 bytes).
    Removing stm32f10x_tim.o(i.TIM_OC3Init), (160 bytes).
    Removing stm32f10x_tim.o(i.TIM_OC3NPolarityConfig), (26 bytes).
    Removing stm32f10x_tim.o(i.TIM_OC3PolarityConfig), (26 bytes).
    Removing stm32f10x_tim.o(i.TIM_OC3PreloadConfig), (18 bytes).
    Removing stm32f10x_tim.o(i.TIM_OC4FastConfig), (26 bytes).
    Removing stm32f10x_tim.o(i.TIM_OC4Init), (124 bytes).
    Removing stm32f10x_tim.o(i.TIM_OC4PolarityConfig), (26 bytes).
    Removing stm32f10x_tim.o(i.TIM_OC4PreloadConfig), (26 bytes).
    Removing stm32f10x_tim.o(i.TIM_OCStructInit), (20 bytes).
    Removing stm32f10x_tim.o(i.TIM_PWMIConfig), (124 bytes).
    Removing stm32f10x_tim.o(i.TIM_PrescalerConfig), (6 bytes).
    Removing stm32f10x_tim.o(i.TIM_SelectCCDMA), (24 bytes).
    Removing stm32f10x_tim.o(i.TIM_SelectCOM), (24 bytes).
    Removing stm32f10x_tim.o(i.TIM_SelectHallSensor), (24 bytes).
    Removing stm32f10x_tim.o(i.TIM_SelectInputTrigger), (18 bytes).
    Removing stm32f10x_tim.o(i.TIM_SelectMasterSlaveMode), (18 bytes).
    Removing stm32f10x_tim.o(i.TIM_SelectOCxM), (82 bytes).
    Removing stm32f10x_tim.o(i.TIM_SelectOnePulseMode), (18 bytes).
    Removing stm32f10x_tim.o(i.TIM_SelectOutputTrigger), (18 bytes).
    Removing stm32f10x_tim.o(i.TIM_SelectSlaveMode), (18 bytes).
    Removing stm32f10x_tim.o(i.TIM_SetAutoreload), (4 bytes).
    Removing stm32f10x_tim.o(i.TIM_SetClockDivision), (18 bytes).
    Removing stm32f10x_tim.o(i.TIM_SetCompare1), (4 bytes).
    Removing stm32f10x_tim.o(i.TIM_SetCompare2), (4 bytes).
    Removing stm32f10x_tim.o(i.TIM_SetCompare3), (4 bytes).
    Removing stm32f10x_tim.o(i.TIM_SetCompare4), (6 bytes).
    Removing stm32f10x_tim.o(i.TIM_SetCounter), (4 bytes).
    Removing stm32f10x_tim.o(i.TIM_SetIC1Prescaler), (18 bytes).
    Removing stm32f10x_tim.o(i.TIM_SetIC2Prescaler), (26 bytes).
    Removing stm32f10x_tim.o(i.TIM_SetIC3Prescaler), (18 bytes).
    Removing stm32f10x_tim.o(i.TIM_SetIC4Prescaler), (26 bytes).
    Removing stm32f10x_tim.o(i.TIM_TIxExternalClockConfig), (62 bytes).
    Removing stm32f10x_tim.o(i.TIM_TimeBaseInit), (164 bytes).
    Removing stm32f10x_tim.o(i.TIM_TimeBaseStructInit), (18 bytes).
    Removing stm32f10x_tim.o(i.TIM_UpdateDisableConfig), (24 bytes).
    Removing stm32f10x_tim.o(i.TIM_UpdateRequestConfig), (24 bytes).
    Removing stm32f10x_usart.o(i.USART_ClearFlag), (18 bytes).
    Removing stm32f10x_usart.o(i.USART_ClearITPendingBit), (30 bytes).
    Removing stm32f10x_usart.o(i.USART_ClockInit), (34 bytes).
    Removing stm32f10x_usart.o(i.USART_ClockStructInit), (12 bytes).
    Removing stm32f10x_usart.o(i.USART_DMACmd), (18 bytes).
    Removing stm32f10x_usart.o(i.USART_DeInit), (156 bytes).
    Removing stm32f10x_usart.o(i.USART_HalfDuplexCmd), (24 bytes).
    Removing stm32f10x_usart.o(i.USART_IrDACmd), (24 bytes).
    Removing stm32f10x_usart.o(i.USART_IrDAConfig), (18 bytes).
    Removing stm32f10x_usart.o(i.USART_LINBreakDetectLengthConfig), (18 bytes).
    Removing stm32f10x_usart.o(i.USART_LINCmd), (24 bytes).
    Removing stm32f10x_usart.o(i.USART_OneBitMethodCmd), (24 bytes).
    Removing stm32f10x_usart.o(i.USART_OverSampling8Cmd), (22 bytes).
    Removing stm32f10x_usart.o(i.USART_ReceiverWakeUpCmd), (24 bytes).
    Removing stm32f10x_usart.o(i.USART_SendBreak), (10 bytes).
    Removing stm32f10x_usart.o(i.USART_SetAddress), (18 bytes).
    Removing stm32f10x_usart.o(i.USART_SetGuardTime), (16 bytes).
    Removing stm32f10x_usart.o(i.USART_SetPrescaler), (16 bytes).
    Removing stm32f10x_usart.o(i.USART_SmartCardCmd), (24 bytes).
    Removing stm32f10x_usart.o(i.USART_SmartCardNACKCmd), (24 bytes).
    Removing stm32f10x_usart.o(i.USART_StructInit), (24 bytes).
    Removing stm32f10x_usart.o(i.USART_WakeUpConfig), (18 bytes).
    Removing otaflash.o(i.Flash_GetCurAddr), (12 bytes).

231 unused section(s) (total 10686 bytes) removed from the image.

==============================================================================

Image Symbol Table

    Local Symbols

    Symbol Name                              Value     Ov Type        Size  Object(Section)

    ../clib/microlib/init/entry.s            0x00000000   Number         0  entry.o ABSOLUTE
    ../clib/microlib/init/entry.s            0x00000000   Number         0  entry9b.o ABSOLUTE
    ../clib/microlib/init/entry.s            0x00000000   Number         0  entry2.o ABSOLUTE
    ../clib/microlib/init/entry.s            0x00000000   Number         0  entry9a.o ABSOLUTE
    ../clib/microlib/init/entry.s            0x00000000   Number         0  entry8b.o ABSOLUTE
    ../clib/microlib/init/entry.s            0x00000000   Number         0  entry8a.o ABSOLUTE
    ../clib/microlib/init/entry.s            0x00000000   Number         0  entry5.o ABSOLUTE
    ../clib/microlib/init/entry.s            0x00000000   Number         0  entry7a.o ABSOLUTE
    ../clib/microlib/init/entry.s            0x00000000   Number         0  entry7b.o ABSOLUTE
    ../clib/microlib/init/entry.s            0x00000000   Number         0  entry10a.o ABSOLUTE
    ../clib/microlib/init/entry.s            0x00000000   Number         0  entry11b.o ABSOLUTE
    ../clib/microlib/init/entry.s            0x00000000   Number         0  entry11a.o ABSOLUTE
    ../clib/microlib/init/entry.s            0x00000000   Number         0  entry10b.o ABSOLUTE
    ../clib/microlib/string/memcpy.c         0x00000000   Number         0  memcpya.o ABSOLUTE
    ../clib/microlib/string/memcpy.c         0x00000000   Number         0  memcpyb.o ABSOLUTE
    ../clib/microlib/string/memset.c         0x00000000   Number         0  memseta.o ABSOLUTE
    Library\misc.c                           0x00000000   Number         0  misc.o ABSOLUTE
    Library\stm32f10x_bkp.c                  0x00000000   Number         0  stm32f10x_bkp.o ABSOLUTE
    Library\stm32f10x_dbgmcu.c               0x00000000   Number         0  stm32f10x_dbgmcu.o ABSOLUTE
    Library\stm32f10x_exti.c                 0x00000000   Number         0  stm32f10x_exti.o ABSOLUTE
    Library\stm32f10x_flash.c                0x00000000   Number         0  stm32f10x_flash.o ABSOLUTE
    Library\stm32f10x_fsmc.c                 0x00000000   Number         0  stm32f10x_fsmc.o ABSOLUTE
    Library\stm32f10x_gpio.c                 0x00000000   Number         0  stm32f10x_gpio.o ABSOLUTE
    Library\stm32f10x_rcc.c                  0x00000000   Number         0  stm32f10x_rcc.o ABSOLUTE
    Library\stm32f10x_tim.c                  0x00000000   Number         0  stm32f10x_tim.o ABSOLUTE
    Library\stm32f10x_usart.c                0x00000000   Number         0  stm32f10x_usart.o ABSOLUTE
    MiniOTA\ota_src\OtaCore.c                0x00000000   Number         0  otacore.o ABSOLUTE
    MiniOTA\ota_src\OtaFlash.c               0x00000000   Number         0  otaflash.o ABSOLUTE
    MiniOTA\ota_src\OtaJump.c                0x00000000   Number         0  otajump.o ABSOLUTE
    MiniOTA\ota_src\OtaPort.c                0x00000000   Number         0  otaport.o ABSOLUTE
    MiniOTA\ota_src\OtaUtils.c               0x00000000   Number         0  otautils.o ABSOLUTE
    MiniOTA\ota_src\OtaXmodem.c              0x00000000   Number         0  otaxmodem.o ABSOLUTE
    Star\\core_cm3.c                         0x00000000   Number         0  core_cm3.o ABSOLUTE
    Star\core_cm3.c                          0x00000000   Number         0  core_cm3.o ABSOLUTE
    Star\startup_stm32f10x_hd.s              0x00000000   Number         0  startup_stm32f10x_hd.o ABSOLUTE
    Star\system_stm32f10x.c                  0x00000000   Number         0  system_stm32f10x.o ABSOLUTE
    User\Delay.c                             0x00000000   Number         0  delay.o ABSOLUTE
    User\stm32f10x_it.c                      0x00000000   Number         0  stm32f10x_it.o ABSOLUTE
    dc.s                                     0x00000000   Number         0  dc.o ABSOLUTE
    handlers.s                               0x00000000   Number         0  handlers.o ABSOLUTE
    init.s                                   0x00000000   Number         0  init.o ABSOLUTE
    main.c                                   0x00000000   Number         0  main.o ABSOLUTE
    RESET                                    0x08000000   Section      236  startup_stm32f10x_hd.o(RESET)
    .ARM.Collect$$$$00000000                 0x080000ec   Section        0  entry.o(.ARM.Collect$$$$00000000)
    .ARM.Collect$$$$00000001                 0x080000ec   Section        4  entry2.o(.ARM.Collect$$$$00000001)
    .ARM.Collect$$$$00000004                 0x080000f0   Section        4  entry5.o(.ARM.Collect$$$$00000004)
    .ARM.Collect$$$$00000008                 0x080000f4   Section        0  entry7b.o(.ARM.Collect$$$$00000008)
    .ARM.Collect$$$$0000000A                 0x080000f4   Section        0  entry8b.o(.ARM.Collect$$$$0000000A)
    .ARM.Collect$$$$0000000B                 0x080000f4   Section        8  entry9a.o(.ARM.Collect$$$$0000000B)
    .ARM.Collect$$$$0000000D                 0x080000fc   Section        0  entry10a.o(.ARM.Collect$$$$0000000D)
    .ARM.Collect$$$$0000000F                 0x080000fc   Section        0  entry11a.o(.ARM.Collect$$$$0000000F)
    .ARM.Collect$$$$00002712                 0x080000fc   Section        4  entry2.o(.ARM.Collect$$$$00002712)
    __lit__00000000                          0x080000fc   Data           4  entry2.o(.ARM.Collect$$$$00002712)
    .emb_text                                0x08000100   Section       32  core_cm3.o(.emb_text)
    .text                                    0x08000120   Section       36  startup_stm32f10x_hd.o(.text)
    .text                                    0x08000144   Section        0  memcpya.o(.text)
    .text                                    0x08000168   Section        0  memseta.o(.text)
    .text                                    0x0800018c   Section       36  init.o(.text)
    i.BusFault_Handler                       0x080001b0   Section        0  stm32f10x_it.o(i.BusFault_Handler)
    i.DebugMon_Handler                       0x080001b4   Section        0  stm32f10x_it.o(i.DebugMon_Handler)
    i.FLASH_ClearFlag                        0x080001b8   Section        0  stm32f10x_flash.o(i.FLASH_ClearFlag)
    i.FLASH_ErasePage                        0x080001c4   Section        0  stm32f10x_flash.o(i.FLASH_ErasePage)
    i.FLASH_GetBank1Status                   0x08000210   Section        0  stm32f10x_flash.o(i.FLASH_GetBank1Status)
    i.FLASH_Lock                             0x08000244   Section        0  stm32f10x_flash.o(i.FLASH_Lock)
    i.FLASH_ProgramHalfWord                  0x08000258   Section        0  stm32f10x_flash.o(i.FLASH_ProgramHalfWord)
    i.FLASH_Unlock                           0x08000298   Section        0  stm32f10x_flash.o(i.FLASH_Unlock)
    i.FLASH_WaitForLastOperation             0x080002b0   Section        0  stm32f10x_flash.o(i.FLASH_WaitForLastOperation)
    i.FlashHandle_Init                       0x080002d8   Section        0  otaflash.o(i.FlashHandle_Init)
    i.Flash_GetMirr                          0x080002f8   Section        0  otaflash.o(i.Flash_GetMirr)
    i.Flash_GetPageOffset                    0x08000300   Section        0  otaflash.o(i.Flash_GetPageOffset)
    i.Flash_SetCurAddr                       0x0800030c   Section        0  otaflash.o(i.Flash_SetCurAddr)
    i.Flash_SetMirr                          0x08000318   Section        0  otaflash.o(i.Flash_SetMirr)
    i.Flash_SetPageOffset                    0x08000330   Section        0  otaflash.o(i.Flash_SetPageOffset)
    i.Flash_Write                            0x0800033c   Section        0  otaflash.o(i.Flash_Write)
    i.GPIO_Init                              0x08000484   Section        0  stm32f10x_gpio.o(i.GPIO_Init)
    i.GPIO_ReadInputDataBit                  0x0800059a   Section        0  stm32f10x_gpio.o(i.GPIO_ReadInputDataBit)
    i.Handle_WaitBlk                         0x080005ac   Section        0  otaxmodem.o(i.Handle_WaitBlk)
    Handle_WaitBlk                           0x080005ad   Thumb Code    22  otaxmodem.o(i.Handle_WaitBlk)
    i.Handle_WaitBlkInv                      0x080005e0   Section        0  otaxmodem.o(i.Handle_WaitBlkInv)
    Handle_WaitBlkInv                        0x080005e1   Thumb Code    54  otaxmodem.o(i.Handle_WaitBlkInv)
    i.Handle_WaitCrc1                        0x08000620   Section        0  otaxmodem.o(i.Handle_WaitCrc1)
    Handle_WaitCrc1                          0x08000621   Thumb Code    22  otaxmodem.o(i.Handle_WaitCrc1)
    i.Handle_WaitCrc2                        0x08000650   Section        0  otaxmodem.o(i.Handle_WaitCrc2)
    Handle_WaitCrc2                          0x08000651   Thumb Code   206  otaxmodem.o(i.Handle_WaitCrc2)
    i.Handle_WaitData                        0x08000788   Section        0  otaxmodem.o(i.Handle_WaitData)
    Handle_WaitData                          0x08000789   Thumb Code    38  otaxmodem.o(i.Handle_WaitData)
    i.Handle_WaitStart                       0x080007b4   Section        0  otaxmodem.o(i.Handle_WaitStart)
    Handle_WaitStart                         0x080007b5   Thumb Code   136  otaxmodem.o(i.Handle_WaitStart)
    i.HardFault_Handler                      0x080008a0   Section        0  stm32f10x_it.o(i.HardFault_Handler)
    i.JumpToApp                              0x080008a4   Section        0  otajump.o(i.JumpToApp)
    i.MemManage_Handler                      0x080008e0   Section        0  stm32f10x_it.o(i.MemManage_Handler)
    i.NMI_Handler                            0x080008e4   Section        0  stm32f10x_it.o(i.NMI_Handler)
    i.NVIC_Init                              0x080008e8   Section        0  misc.o(i.NVIC_Init)
    i.NVIC_PriorityGroupConfig               0x08000958   Section        0  misc.o(i.NVIC_PriorityGroupConfig)
    i.OTA_DebugSend                          0x0800096c   Section        0  otaport.o(i.OTA_DebugSend)
    i.OTA_Delay1ms                           0x080009a0   Section        0  otaport.o(i.OTA_Delay1ms)
    i.OTA_DrvProgramHalfword                 0x080009b8   Section        0  otaport.o(i.OTA_DrvProgramHalfword)
    i.OTA_DrvRead                            0x080009d2   Section        0  otaport.o(i.OTA_DrvRead)
    i.OTA_ErasePage                          0x080009e6   Section        0  otaport.o(i.OTA_ErasePage)
    i.OTA_FlashLock                          0x080009fc   Section        0  otaport.o(i.OTA_FlashLock)
    i.OTA_FlashUnlock                        0x08000a06   Section        0  otaport.o(i.OTA_FlashUnlock)
    i.OTA_GetJumpTar                         0x08000a18   Section        0  otacore.o(i.OTA_GetJumpTar)
    OTA_GetJumpTar                           0x08000a19   Thumb Code    72  otacore.o(i.OTA_GetJumpTar)
    i.OTA_GetXmodemHandle                    0x08000a68   Section        0  otaxmodem.o(i.OTA_GetXmodemHandle)
    i.OTA_IsAppValid                         0x08000a70   Section        0  otajump.o(i.OTA_IsAppValid)
    i.OTA_IsUserSetingsValid                 0x08000a94   Section        0  otacore.o(i.OTA_IsUserSetingsValid)
    OTA_IsUserSetingsValid                   0x08000a95   Thumb Code    44  otacore.o(i.OTA_IsUserSetingsValid)
    i.OTA_MemCopy                            0x08000ad0   Section        0  otautils.o(i.OTA_MemCopy)
    i.OTA_MemSet                             0x08000ae6   Section        0  otautils.o(i.OTA_MemSet)
    i.OTA_PeripheralsDeInit                  0x08000af8   Section        0  otaport.o(i.OTA_PeripheralsDeInit)
    i.OTA_PrintHex32                         0x08000afa   Section        0  otautils.o(i.OTA_PrintHex32)
    i.OTA_ReceiveTask                        0x08000b4e   Section        0  otaport.o(i.OTA_ReceiveTask)
    i.OTA_Run                                0x08000b5c   Section        0  otacore.o(i.OTA_Run)
    i.OTA_RunIAP                             0x08000c98   Section        0  otacore.o(i.OTA_RunIAP)
    OTA_RunIAP                               0x08000c99   Thumb Code    86  otacore.o(i.OTA_RunIAP)
    i.OTA_SaveMeta                           0x08000d04   Section        0  otacore.o(i.OTA_SaveMeta)
    OTA_SaveMeta                             0x08000d05   Thumb Code    56  otacore.o(i.OTA_SaveMeta)
    i.OTA_SendByte                           0x08000d40   Section        0  otaport.o(i.OTA_SendByte)
    i.OTA_ShouldEnterIap                     0x08000d64   Section        0  otaport.o(i.OTA_ShouldEnterIap)
    i.OTA_UpdateMeta                         0x08000d78   Section        0  otacore.o(i.OTA_UpdateMeta)
    OTA_UpdateMeta                           0x08000d79   Thumb Code    90  otacore.o(i.OTA_UpdateMeta)
    i.OTA_XmodemInit                         0x08000ddc   Section        0  otaxmodem.o(i.OTA_XmodemInit)
    i.OTA_XmodemRevByte                      0x08000e0c   Section        0  otaxmodem.o(i.OTA_XmodemRevByte)
    i.OTA_XmodemRevCompFlag                  0x08000e44   Section        0  otaxmodem.o(i.OTA_XmodemRevCompFlag)
    i.PB11_Input_Init                        0x08000e50   Section        0  main.o(i.PB11_Input_Init)
    i.PendSV_Handler                         0x08000e80   Section        0  stm32f10x_it.o(i.PendSV_Handler)
    i.RCC_APB1PeriphClockCmd                 0x08000e84   Section        0  stm32f10x_rcc.o(i.RCC_APB1PeriphClockCmd)
    i.RCC_APB2PeriphClockCmd                 0x08000ea4   Section        0  stm32f10x_rcc.o(i.RCC_APB2PeriphClockCmd)
    i.RCC_GetClocksFreq                      0x08000ec4   Section        0  stm32f10x_rcc.o(i.RCC_GetClocksFreq)
    i.SVC_Handler                            0x08000f98   Section        0  stm32f10x_it.o(i.SVC_Handler)
    i.SetSysClock                            0x08000f9a   Section        0  system_stm32f10x.o(i.SetSysClock)
    SetSysClock                              0x08000f9b   Thumb Code     8  system_stm32f10x.o(i.SetSysClock)
    i.SetSysClockTo72                        0x08000fa4   Section        0  system_stm32f10x.o(i.SetSysClockTo72)
    SetSysClockTo72                          0x08000fa5   Thumb Code   214  system_stm32f10x.o(i.SetSysClockTo72)
    i.SysTick_Handler                        0x08001084   Section        0  stm32f10x_it.o(i.SysTick_Handler)
    i.SystemInit                             0x08001088   Section        0  system_stm32f10x.o(i.SystemInit)
    i.U8ArryCopy                             0x080010e8   Section        0  otautils.o(i.U8ArryCopy)
    i.UART1_Init                             0x08001108   Section        0  main.o(i.UART1_Init)
    i.UART2_Init                             0x080011b0   Section        0  main.o(i.UART2_Init)
    i.USART1_IRQHandler                      0x0800122c   Section        0  main.o(i.USART1_IRQHandler)
    i.USART_Cmd                              0x08001250   Section        0  stm32f10x_usart.o(i.USART_Cmd)
    i.USART_GetFlagStatus                    0x08001268   Section        0  stm32f10x_usart.o(i.USART_GetFlagStatus)
    i.USART_GetITStatus                      0x08001282   Section        0  stm32f10x_usart.o(i.USART_GetITStatus)
    i.USART_ITConfig                         0x080012d6   Section        0  stm32f10x_usart.o(i.USART_ITConfig)
    i.USART_Init                             0x08001320   Section        0  stm32f10x_usart.o(i.USART_Init)
    i.USART_ReceiveData                      0x080013f8   Section        0  stm32f10x_usart.o(i.USART_ReceiveData)
    i.USART_SendData                         0x08001402   Section        0  stm32f10x_usart.o(i.USART_SendData)
    i.UsageFault_Handler                     0x0800140a   Section        0  stm32f10x_it.o(i.UsageFault_Handler)
    i.Verify_App_Slot                        0x08001410   Section        0  otacore.o(i.Verify_App_Slot)
    Verify_App_Slot                          0x08001411   Thumb Code    66  otacore.o(i.Verify_App_Slot)
    i.XmodemCrc16                            0x08001458   Section        0  otautils.o(i.XmodemCrc16)
    i.__scatterload_copy                     0x08001492   Section       14  handlers.o(i.__scatterload_copy)
    i.__scatterload_null                     0x080014a0   Section        2  handlers.o(i.__scatterload_null)
    i.__scatterload_zeroinit                 0x080014a2   Section       14  handlers.o(i.__scatterload_zeroinit)
    i.main                                   0x080014b0   Section        0  main.o(i.main)
    .constdata                               0x080014c4   Section       24  otaxmodem.o(.constdata)
    xm_state_handlers                        0x080014c4   Data          24  otaxmodem.o(.constdata)
    .conststring                             0x080014dc   Section      222  otacore.o(.conststring)
    .conststring                             0x080015bc   Section       67  otaxmodem.o(.conststring)
    .data                                    0x20000000   Section       20  stm32f10x_rcc.o(.data)
    APBAHBPrescTable                         0x20000000   Data          16  stm32f10x_rcc.o(.data)
    ADCPrescTable                            0x20000010   Data           4  stm32f10x_rcc.o(.data)
    .data                                    0x20000014   Section        2  otaxmodem.o(.data)
    RecComp_Flag                             0x20000014   Data           1  otaxmodem.o(.data)
    RecFlag_cnt                              0x20000015   Data           1  otaxmodem.o(.data)
    .bss                                     0x20000018   Section     1032  otaflash.o(.bss)
    flash                                    0x20000018   Data        1032  otaflash.o(.bss)
    .bss                                     0x20000420   Section     1036  otaxmodem.o(.bss)
    xm                                       0x20000420   Data        1036  otaxmodem.o(.bss)
    STACK                                    0x20000830   Section     4096  startup_stm32f10x_hd.o(STACK)

    Global Symbols

    Symbol Name                              Value     Ov Type        Size  Object(Section)

    BuildAttributes$$THM_ISAv4$P$D$K$B$S$PE$A:L22UL41UL21$X:L11$S22US41US21$IEEE1$IW$USESV6$~STKCKD$USESV7$~SHL$OSPACE$EBA8$MICROLIB$REQ8$PRES8$EABIv2 0x00000000   Number         0  anon$$obj.o ABSOLUTE
    __ARM_use_no_argv                        0x00000000   Number         0  main.o ABSOLUTE
    __cpp_initialize__aeabi_                  - Undefined Weak Reference
    __cxa_finalize                            - Undefined Weak Reference
    __decompress                              - Undefined Weak Reference
    _clock_init                               - Undefined Weak Reference
    _microlib_exit                            - Undefined Weak Reference
    __Vectors_Size                           0x000000ec   Number         0  startup_stm32f10x_hd.o ABSOLUTE
    __Vectors                                0x08000000   Data           4  startup_stm32f10x_hd.o(RESET)
    __Vectors_End                            0x080000ec   Data           0  startup_stm32f10x_hd.o(RESET)
    __main                                   0x080000ed   Thumb Code     0  entry.o(.ARM.Collect$$$$00000000)
    _main_stk                                0x080000ed   Thumb Code     0  entry2.o(.ARM.Collect$$$$00000001)
    _main_scatterload                        0x080000f1   Thumb Code     0  entry5.o(.ARM.Collect$$$$00000004)
    __main_after_scatterload                 0x080000f5   Thumb Code     0  entry5.o(.ARM.Collect$$$$00000004)
    _main_clock                              0x080000f5   Thumb Code     0  entry7b.o(.ARM.Collect$$$$00000008)
    _main_cpp_init                           0x080000f5   Thumb Code     0  entry8b.o(.ARM.Collect$$$$0000000A)
    _main_init                               0x080000f5   Thumb Code     0  entry9a.o(.ARM.Collect$$$$0000000B)
    __rt_final_cpp                           0x080000fd   Thumb Code     0  entry10a.o(.ARM.Collect$$$$0000000D)
    __rt_final_exit                          0x080000fd   Thumb Code     0  entry11a.o(.ARM.Collect$$$$0000000F)
    __get_PSP                                0x08000101   Thumb Code     6  core_cm3.o(.emb_text)
    __set_PSP                                0x08000107   Thumb Code     6  core_cm3.o(.emb_text)
    __get_MSP                                0x0800010d   Thumb Code     6  core_cm3.o(.emb_text)
    __set_MSP                                0x08000113   Thumb Code     6  core_cm3.o(.emb_text)
    __REV16                                  0x08000119   Thumb Code     4  core_cm3.o(.emb_text)
    __REVSH                                  0x0800011d   Thumb Code     4  core_cm3.o(.emb_text)
    Reset_Handler                            0x08000121   Thumb Code     8  startup_stm32f10x_hd.o(.text)
    ADC1_2_IRQHandler                        0x0800013b   Thumb Code     0  startup_stm32f10x_hd.o(.text)
    CAN1_RX1_IRQHandler                      0x0800013b   Thumb Code     0  startup_stm32f10x_hd.o(.text)
    CAN1_SCE_IRQHandler                      0x0800013b   Thumb Code     0  startup_stm32f10x_hd.o(.text)
    DMA1_Channel1_IRQHandler                 0x0800013b   Thumb Code     0  startup_stm32f10x_hd.o(.text)
    DMA1_Channel2_IRQHandler                 0x0800013b   Thumb Code     0  startup_stm32f10x_hd.o(.text)
    DMA1_Channel3_IRQHandler                 0x0800013b   Thumb Code     0  startup_stm32f10x_hd.o(.text)
    DMA1_Channel4_IRQHandler                 0x0800013b   Thumb Code     0  startup_stm32f10x_hd.o(.text)
    DMA1_Channel5_IRQHandler                 0x0800013b   Thumb Code     0  startup_stm32f10x_hd.o(.text)
    DMA1_Channel6_IRQHandler                 0x0800013b   Thumb Code     0  startup_stm32f10x_hd.o(.text)
    DMA1_Channel7_IRQHandler                 0x0800013b   Thumb Code     0  startup_stm32f10x_hd.o(.text)
    EXTI0_IRQHandler                         0x0800013b   Thumb Code     0  startup_stm32f10x_hd.o(.text)
    EXTI15_10_IRQHandler                     0x0800013b   Thumb Code     0  startup_stm32f10x_hd.o(.text)
    EXTI1_IRQHandler                         0x0800013b   Thumb Code     0  startup_stm32f10x_hd.o(.text)
    EXTI2_IRQHandler                         0x0800013b   Thumb Code     0  startup_stm32f10x_hd.o(.text)
    EXTI3_IRQHandler                         0x0800013b   Thumb Code     0  startup_stm32f10x_hd.o(.text)
    EXTI4_IRQHandler                         0x0800013b   Thumb Code     0  startup_stm32f10x_hd.o(.text)
    EXTI9_5_IRQHandler                       0x0800013b   Thumb Code     0  startup_stm32f10x_hd.o(.text)
    FLASH_IRQHandler                         0x0800013b   Thumb Code     0  startup_stm32f10x_hd.o(.text)
    I2C1_ER_IRQHandler                       0x0800013b   Thumb Code     0  startup_stm32f10x_hd.o(.text)
    I2C1_EV_IRQHandler                       0x0800013b   Thumb Code     0  startup_stm32f10x_hd.o(.text)
    I2C2_ER_IRQHandler                       0x0800013b   Thumb Code     0  startup_stm32f10x_hd.o(.text)
    I2C2_EV_IRQHandler                       0x0800013b   Thumb Code     0  startup_stm32f10x_hd.o(.text)
    PVD_IRQHandler                           0x0800013b   Thumb Code     0  startup_stm32f10x_hd.o(.text)
    RCC_IRQHandler                           0x0800013b   Thumb Code     0  startup_stm32f10x_hd.o(.text)
    RTCAlarm_IRQHandler                      0x0800013b   Thumb Code     0  startup_stm32f10x_hd.o(.text)
    RTC_IRQHandler                           0x0800013b   Thumb Code     0  startup_stm32f10x_hd.o(.text)
    SPI1_IRQHandler                          0x0800013b   Thumb Code     0  startup_stm32f10x_hd.o(.text)
    SPI2_IRQHandler                          0x0800013b   Thumb Code     0  startup_stm32f10x_hd.o(.text)
    TAMPER_IRQHandler                        0x0800013b   Thumb Code     0  startup_stm32f10x_hd.o(.text)
    TIM1_BRK_IRQHandler                      0x0800013b   Thumb Code     0  startup_stm32f10x_hd.o(.text)
    TIM1_CC_IRQHandler                       0x0800013b   Thumb Code     0  startup_stm32f10x_hd.o(.text)
    TIM1_TRG_COM_IRQHandler                  0x0800013b   Thumb Code     0  startup_stm32f10x_hd.o(.text)
    TIM1_UP_IRQHandler                       0x0800013b   Thumb Code     0  startup_stm32f10x_hd.o(.text)
    TIM2_IRQHandler                          0x0800013b   Thumb Code     0  startup_stm32f10x_hd.o(.text)
    TIM3_IRQHandler                          0x0800013b   Thumb Code     0  startup_stm32f10x_hd.o(.text)
    TIM4_IRQHandler                          0x0800013b   Thumb Code     0  startup_stm32f10x_hd.o(.text)
    USART2_IRQHandler                        0x0800013b   Thumb Code     0  startup_stm32f10x_hd.o(.text)
    USART3_IRQHandler                        0x0800013b   Thumb Code     0  startup_stm32f10x_hd.o(.text)
    USBWakeUp_IRQHandler                     0x0800013b   Thumb Code     0  startup_stm32f10x_hd.o(.text)
    USB_HP_CAN1_TX_IRQHandler                0x0800013b   Thumb Code     0  startup_stm32f10x_hd.o(.text)
    USB_LP_CAN1_RX0_IRQHandler               0x0800013b   Thumb Code     0  startup_stm32f10x_hd.o(.text)
    WWDG_IRQHandler                          0x0800013b   Thumb Code     0  startup_stm32f10x_hd.o(.text)
    __aeabi_memcpy                           0x08000145   Thumb Code    36  memcpya.o(.text)
    __aeabi_memcpy4                          0x08000145   Thumb Code     0  memcpya.o(.text)
    __aeabi_memcpy8                          0x08000145   Thumb Code     0  memcpya.o(.text)
    __aeabi_memset                           0x08000169   Thumb Code    14  memseta.o(.text)
    __aeabi_memset4                          0x08000169   Thumb Code     0  memseta.o(.text)
    __aeabi_memset8                          0x08000169   Thumb Code     0  memseta.o(.text)
    __aeabi_memclr                           0x08000177   Thumb Code     4  memseta.o(.text)
    __aeabi_memclr4                          0x08000177   Thumb Code     0  memseta.o(.text)
    __aeabi_memclr8                          0x08000177   Thumb Code     0  memseta.o(.text)
    _memset$wrapper                          0x0800017b   Thumb Code    18  memseta.o(.text)
    __scatterload                            0x0800018d   Thumb Code    28  init.o(.text)
    __scatterload_rt2                        0x0800018d   Thumb Code     0  init.o(.text)
    BusFault_Handler                         0x080001b1   Thumb Code     4  stm32f10x_it.o(i.BusFault_Handler)
    DebugMon_Handler                         0x080001b5   Thumb Code     2  stm32f10x_it.o(i.DebugMon_Handler)
    FLASH_ClearFlag                          0x080001b9   Thumb Code     6  stm32f10x_flash.o(i.FLASH_ClearFlag)
    FLASH_ErasePage                          0x080001c5   Thumb Code    72  stm32f10x_flash.o(i.FLASH_ErasePage)
    FLASH_GetBank1Status                     0x08000211   Thumb Code    48  stm32f10x_flash.o(i.FLASH_GetBank1Status)
    FLASH_Lock                               0x08000245   Thumb Code    14  stm32f10x_flash.o(i.FLASH_Lock)
    FLASH_ProgramHalfWord                    0x08000259   Thumb Code    60  stm32f10x_flash.o(i.FLASH_ProgramHalfWord)
    FLASH_Unlock                             0x08000299   Thumb Code    12  stm32f10x_flash.o(i.FLASH_Unlock)
    FLASH_WaitForLastOperation               0x080002b1   Thumb Code    38  stm32f10x_flash.o(i.FLASH_WaitForLastOperation)
    FlashHandle_Init                         0x080002d9   Thumb Code    28  otaflash.o(i.FlashHandle_Init)
    Flash_GetMirr                            0x080002f9   Thumb Code     4  otaflash.o(i.Flash_GetMirr)
    Flash_GetPageOffset                      0x08000301   Thumb Code     6  otaflash.o(i.Flash_GetPageOffset)
    Flash_SetCurAddr                         0x0800030d   Thumb Code     6  otaflash.o(i.Flash_SetCurAddr)
    Flash_SetMirr                            0x08000319   Thumb Code    18  otaflash.o(i.Flash_SetMirr)
    Flash_SetPageOffset                      0x08000331   Thumb Code     6  otaflash.o(i.Flash_SetPageOffset)
    Flash_Write                              0x0800033d   Thumb Code   168  otaflash.o(i.Flash_Write)
    GPIO_Init                                0x08000485   Thumb Code   278  stm32f10x_gpio.o(i.GPIO_Init)
    GPIO_ReadInputDataBit                    0x0800059b   Thumb Code    18  stm32f10x_gpio.o(i.GPIO_ReadInputDataBit)
    HardFault_Handler                        0x080008a1   Thumb Code     4  stm32f10x_it.o(i.HardFault_Handler)
    JumpToApp                                0x080008a5   Thumb Code    54  otajump.o(i.JumpToApp)
    MemManage_Handler                        0x080008e1   Thumb Code     4  stm32f10x_it.o(i.MemManage_Handler)
    NMI_Handler                              0x080008e5   Thumb Code     2  stm32f10x_it.o(i.NMI_Handler)
    NVIC_Init                                0x080008e9   Thumb Code   100  misc.o(i.NVIC_Init)
    NVIC_PriorityGroupConfig                 0x08000959   Thumb Code    10  misc.o(i.NVIC_PriorityGroupConfig)
    OTA_DebugSend                            0x0800096d   Thumb Code    46  otaport.o(i.OTA_DebugSend)
    OTA_Delay1ms                             0x080009a1   Thumb Code    24  otaport.o(i.OTA_Delay1ms)
    OTA_DrvProgramHalfword                   0x080009b9   Thumb Code    26  otaport.o(i.OTA_DrvProgramHalfword)
    OTA_DrvRead                              0x080009d3   Thumb Code    20  otaport.o(i.OTA_DrvRead)
    OTA_ErasePage                            0x080009e7   Thumb Code    22  otaport.o(i.OTA_ErasePage)
    OTA_FlashLock                            0x080009fd   Thumb Code    10  otaport.o(i.OTA_FlashLock)
    OTA_FlashUnlock                          0x08000a07   Thumb Code    16  otaport.o(i.OTA_FlashUnlock)
    OTA_GetXmodemHandle                      0x08000a69   Thumb Code     4  otaxmodem.o(i.OTA_GetXmodemHandle)
    OTA_IsAppValid                           0x08000a71   Thumb Code    32  otajump.o(i.OTA_IsAppValid)
    OTA_MemCopy                              0x08000ad1   Thumb Code    22  otautils.o(i.OTA_MemCopy)
    OTA_MemSet                               0x08000ae7   Thumb Code    18  otautils.o(i.OTA_MemSet)
    OTA_PeripheralsDeInit                    0x08000af9   Thumb Code     2  otaport.o(i.OTA_PeripheralsDeInit)
    OTA_PrintHex32                           0x08000afb   Thumb Code    84  otautils.o(i.OTA_PrintHex32)
    OTA_ReceiveTask                          0x08000b4f   Thumb Code    12  otaport.o(i.OTA_ReceiveTask)
    OTA_Run                                  0x08000b5d   Thumb Code   222  otacore.o(i.OTA_Run)
    OTA_SendByte                             0x08000d41   Thumb Code    30  otaport.o(i.OTA_SendByte)
    OTA_ShouldEnterIap                       0x08000d65   Thumb Code    14  otaport.o(i.OTA_ShouldEnterIap)
    OTA_XmodemInit                           0x08000ddd   Thumb Code    38  otaxmodem.o(i.OTA_XmodemInit)
    OTA_XmodemRevByte                        0x08000e0d   Thumb Code    48  otaxmodem.o(i.OTA_XmodemRevByte)
    OTA_XmodemRevCompFlag                    0x08000e45   Thumb Code     6  otaxmodem.o(i.OTA_XmodemRevCompFlag)
    PB11_Input_Init                          0x08000e51   Thumb Code    44  main.o(i.PB11_Input_Init)
    PendSV_Handler                           0x08000e81   Thumb Code     2  stm32f10x_it.o(i.PendSV_Handler)
    RCC_APB1PeriphClockCmd                   0x08000e85   Thumb Code    26  stm32f10x_rcc.o(i.RCC_APB1PeriphClockCmd)
    RCC_APB2PeriphClockCmd                   0x08000ea5   Thumb Code    26  stm32f10x_rcc.o(i.RCC_APB2PeriphClockCmd)
    RCC_GetClocksFreq                        0x08000ec5   Thumb Code   192  stm32f10x_rcc.o(i.RCC_GetClocksFreq)
    SVC_Handler                              0x08000f99   Thumb Code     2  stm32f10x_it.o(i.SVC_Handler)
    SysTick_Handler                          0x08001085   Thumb Code     2  stm32f10x_it.o(i.SysTick_Handler)
    SystemInit                               0x08001089   Thumb Code    78  system_stm32f10x.o(i.SystemInit)
    U8ArryCopy                               0x080010e9   Thumb Code    30  otautils.o(i.U8ArryCopy)
    UART1_Init                               0x08001109   Thumb Code   160  main.o(i.UART1_Init)
    UART2_Init                               0x080011b1   Thumb Code   116  main.o(i.UART2_Init)
    USART1_IRQHandler                        0x0800122d   Thumb Code    32  main.o(i.USART1_IRQHandler)
    USART_Cmd                                0x08001251   Thumb Code    24  stm32f10x_usart.o(i.USART_Cmd)
    USART_GetFlagStatus                      0x08001269   Thumb Code    26  stm32f10x_usart.o(i.USART_GetFlagStatus)
    USART_GetITStatus                        0x08001283   Thumb Code    84  stm32f10x_usart.o(i.USART_GetITStatus)
    USART_ITConfig                           0x080012d7   Thumb Code    74  stm32f10x_usart.o(i.USART_ITConfig)
    USART_Init                               0x08001321   Thumb Code   210  stm32f10x_usart.o(i.USART_Init)
    USART_ReceiveData                        0x080013f9   Thumb Code    10  stm32f10x_usart.o(i.USART_ReceiveData)
    USART_SendData                           0x08001403   Thumb Code     8  stm32f10x_usart.o(i.USART_SendData)
    UsageFault_Handler                       0x0800140b   Thumb Code     4  stm32f10x_it.o(i.UsageFault_Handler)
    XmodemCrc16                              0x08001459   Thumb Code    58  otautils.o(i.XmodemCrc16)
    __scatterload_copy                       0x08001493   Thumb Code    14  handlers.o(i.__scatterload_copy)
    __scatterload_null                       0x080014a1   Thumb Code     2  handlers.o(i.__scatterload_null)
    __scatterload_zeroinit                   0x080014a3   Thumb Code    14  handlers.o(i.__scatterload_zeroinit)
    main                                     0x080014b1   Thumb Code    20  main.o(i.main)
    Region$$Table$$Base                      0x08001600   Number         0  anon$$obj.o(Region$$Table)
    Region$$Table$$Limit                     0x08001620   Number         0  anon$$obj.o(Region$$Table)
    __initial_sp                             0x20001830   Data           0  startup_stm32f10x_hd.o(STACK)



==============================================================================

Memory Map of the image

  Image Entry point : 0x080000ed

  Load Region LR_IROM1 (Base: 0x08000000, Size: 0x00001638, Max: 0x00010000, ABSOLUTE)

    Execution Region ER_IROM1 (Exec base: 0x08000000, Load base: 0x08000000, Size: 0x00001620, Max: 0x00010000, ABSOLUTE)

    Exec Addr    Load Addr    Size         Type   Attr      Idx    E Section Name        Object

    0x08000000   0x08000000   0x000000ec   Data   RO            3    RESET               startup_stm32f10x_hd.o
    0x080000ec   0x080000ec   0x00000000   Code   RO         2175  * .ARM.Collect$$$$00000000  mc_w.l(entry.o)
    0x080000ec   0x080000ec   0x00000004   Code   RO         2184    .ARM.Collect$$$$00000001  mc_w.l(entry2.o)
    0x080000f0   0x080000f0   0x00000004   Code   RO         2187    .ARM.Collect$$$$00000004  mc_w.l(entry5.o)
    0x080000f4   0x080000f4   0x00000000   Code   RO         2189    .ARM.Collect$$$$00000008  mc_w.l(entry7b.o)
    0x080000f4   0x080000f4   0x00000000   Code   RO         2191    .ARM.Collect$$$$0000000A  mc_w.l(entry8b.o)
    0x080000f4   0x080000f4   0x00000008   Code   RO         2192    .ARM.Collect$$$$0000000B  mc_w.l(entry9a.o)
    0x080000fc   0x080000fc   0x00000000   Code   RO         2194    .ARM.Collect$$$$0000000D  mc_w.l(entry10a.o)
    0x080000fc   0x080000fc   0x00000000   Code   RO         2196    .ARM.Collect$$$$0000000F  mc_w.l(entry11a.o)
    0x080000fc   0x080000fc   0x00000004   Code   RO         2185    .ARM.Collect$$$$00002712  mc_w.l(entry2.o)
    0x08000100   0x08000100   0x00000020   Code   RO          127    .emb_text           core_cm3.o
    0x08000120   0x08000120   0x00000024   Code   RO            4    .text               startup_stm32f10x_hd.o
    0x08000144   0x08000144   0x00000024   Code   RO         2178    .text               mc_w.l(memcpya.o)
    0x08000168   0x08000168   0x00000024   Code   RO         2180    .text               mc_w.l(memseta.o)
    0x0800018c   0x0800018c   0x00000024   Code   RO         2198    .text               mc_w.l(init.o)
    0x080001b0   0x080001b0   0x00000004   Code   RO          215    i.BusFault_Handler  stm32f10x_it.o
    0x080001b4   0x080001b4   0x00000002   Code   RO          216    i.DebugMon_Handler  stm32f10x_it.o
    0x080001b6   0x080001b6   0x00000002   PAD
    0x080001b8   0x080001b8   0x0000000c   Code   RO          506    i.FLASH_ClearFlag   stm32f10x_flash.o
    0x080001c4   0x080001c4   0x0000004c   Code   RO          511    i.FLASH_ErasePage   stm32f10x_flash.o
    0x08000210   0x08000210   0x00000034   Code   RO          512    i.FLASH_GetBank1Status  stm32f10x_flash.o
    0x08000244   0x08000244   0x00000014   Code   RO          521    i.FLASH_Lock        stm32f10x_flash.o
    0x08000258   0x08000258   0x00000040   Code   RO          524    i.FLASH_ProgramHalfWord  stm32f10x_flash.o
    0x08000298   0x08000298   0x00000018   Code   RO          529    i.FLASH_Unlock      stm32f10x_flash.o
    0x080002b0   0x080002b0   0x00000026   Code   RO          533    i.FLASH_WaitForLastOperation  stm32f10x_flash.o
    0x080002d6   0x080002d6   0x00000002   PAD
    0x080002d8   0x080002d8   0x00000020   Code   RO         2047    i.FlashHandle_Init  otaflash.o
    0x080002f8   0x080002f8   0x00000008   Code   RO         2049    i.Flash_GetMirr     otaflash.o
    0x08000300   0x08000300   0x0000000c   Code   RO         2050    i.Flash_GetPageOffset  otaflash.o
    0x0800030c   0x0800030c   0x0000000c   Code   RO         2051    i.Flash_SetCurAddr  otaflash.o
    0x08000318   0x08000318   0x00000018   Code   RO         2052    i.Flash_SetMirr     otaflash.o
    0x08000330   0x08000330   0x0000000c   Code   RO         2053    i.Flash_SetPageOffset  otaflash.o
    0x0800033c   0x0800033c   0x00000148   Code   RO         2054    i.Flash_Write       otaflash.o
    0x08000484   0x08000484   0x00000116   Code   RO          812    i.GPIO_Init         stm32f10x_gpio.o
    0x0800059a   0x0800059a   0x00000012   Code   RO          816    i.GPIO_ReadInputDataBit  stm32f10x_gpio.o
    0x080005ac   0x080005ac   0x00000034   Code   RO         2103    i.Handle_WaitBlk    otaxmodem.o
    0x080005e0   0x080005e0   0x00000040   Code   RO         2104    i.Handle_WaitBlkInv  otaxmodem.o
    0x08000620   0x08000620   0x00000030   Code   RO         2105    i.Handle_WaitCrc1   otaxmodem.o
    0x08000650   0x08000650   0x00000138   Code   RO         2106    i.Handle_WaitCrc2   otaxmodem.o
    0x08000788   0x08000788   0x0000002c   Code   RO         2107    i.Handle_WaitData   otaxmodem.o
    0x080007b4   0x080007b4   0x000000ec   Code   RO         2108    i.Handle_WaitStart  otaxmodem.o
    0x080008a0   0x080008a0   0x00000004   Code   RO          217    i.HardFault_Handler  stm32f10x_it.o
    0x080008a4   0x080008a4   0x0000003c   Code   RO         1993    i.JumpToApp         otajump.o
    0x080008e0   0x080008e0   0x00000004   Code   RO          218    i.MemManage_Handler  stm32f10x_it.o
    0x080008e4   0x080008e4   0x00000002   Code   RO          219    i.NMI_Handler       stm32f10x_it.o
    0x080008e6   0x080008e6   0x00000002   PAD
    0x080008e8   0x080008e8   0x00000070   Code   RO          302    i.NVIC_Init         misc.o
    0x08000958   0x08000958   0x00000014   Code   RO          303    i.NVIC_PriorityGroupConfig  misc.o
    0x0800096c   0x0800096c   0x00000034   Code   RO         1918    i.OTA_DebugSend     otaport.o
    0x080009a0   0x080009a0   0x00000018   Code   RO         1919    i.OTA_Delay1ms      otaport.o
    0x080009b8   0x080009b8   0x0000001a   Code   RO         1920    i.OTA_DrvProgramHalfword  otaport.o
    0x080009d2   0x080009d2   0x00000014   Code   RO         1921    i.OTA_DrvRead       otaport.o
    0x080009e6   0x080009e6   0x00000016   Code   RO         1922    i.OTA_ErasePage     otaport.o
    0x080009fc   0x080009fc   0x0000000a   Code   RO         1923    i.OTA_FlashLock     otaport.o
    0x08000a06   0x08000a06   0x00000010   Code   RO         1924    i.OTA_FlashUnlock   otaport.o
    0x08000a16   0x08000a16   0x00000002   PAD
    0x08000a18   0x08000a18   0x00000050   Code   RO         1860    i.OTA_GetJumpTar    otacore.o
    0x08000a68   0x08000a68   0x00000008   Code   RO         2109    i.OTA_GetXmodemHandle  otaxmodem.o
    0x08000a70   0x08000a70   0x00000024   Code   RO         1994    i.OTA_IsAppValid    otajump.o
    0x08000a94   0x08000a94   0x0000003c   Code   RO         1861    i.OTA_IsUserSetingsValid  otacore.o
    0x08000ad0   0x08000ad0   0x00000016   Code   RO         2011    i.OTA_MemCopy       otautils.o
    0x08000ae6   0x08000ae6   0x00000012   Code   RO         2012    i.OTA_MemSet        otautils.o
    0x08000af8   0x08000af8   0x00000002   Code   RO         1925    i.OTA_PeripheralsDeInit  otaport.o
    0x08000afa   0x08000afa   0x00000054   Code   RO         2013    i.OTA_PrintHex32    otautils.o
    0x08000b4e   0x08000b4e   0x0000000c   Code   RO         1926    i.OTA_ReceiveTask   otaport.o
    0x08000b5a   0x08000b5a   0x00000002   PAD
    0x08000b5c   0x08000b5c   0x0000013c   Code   RO         1862    i.OTA_Run           otacore.o
    0x08000c98   0x08000c98   0x0000006c   Code   RO         1863    i.OTA_RunIAP        otacore.o
    0x08000d04   0x08000d04   0x0000003c   Code   RO         1864    i.OTA_SaveMeta      otacore.o
    0x08000d40   0x08000d40   0x00000024   Code   RO         1927    i.OTA_SendByte      otaport.o
    0x08000d64   0x08000d64   0x00000014   Code   RO         1928    i.OTA_ShouldEnterIap  otaport.o
    0x08000d78   0x08000d78   0x00000064   Code   RO         1865    i.OTA_UpdateMeta    otacore.o
    0x08000ddc   0x08000ddc   0x00000030   Code   RO         2110    i.OTA_XmodemInit    otaxmodem.o
    0x08000e0c   0x08000e0c   0x00000038   Code   RO         2111    i.OTA_XmodemRevByte  otaxmodem.o
    0x08000e44   0x08000e44   0x0000000c   Code   RO         2112    i.OTA_XmodemRevCompFlag  otaxmodem.o
    0x08000e50   0x08000e50   0x00000030   Code   RO          137    i.PB11_Input_Init   main.o
    0x08000e80   0x08000e80   0x00000002   Code   RO          220    i.PendSV_Handler    stm32f10x_it.o
    0x08000e82   0x08000e82   0x00000002   PAD
    0x08000e84   0x08000e84   0x00000020   Code   RO          925    i.RCC_APB1PeriphClockCmd  stm32f10x_rcc.o
    0x08000ea4   0x08000ea4   0x00000020   Code   RO          927    i.RCC_APB2PeriphClockCmd  stm32f10x_rcc.o
    0x08000ec4   0x08000ec4   0x000000d4   Code   RO          935    i.RCC_GetClocksFreq  stm32f10x_rcc.o
    0x08000f98   0x08000f98   0x00000002   Code   RO          221    i.SVC_Handler       stm32f10x_it.o
    0x08000f9a   0x08000f9a   0x00000008   Code   RO           10    i.SetSysClock       system_stm32f10x.o
    0x08000fa2   0x08000fa2   0x00000002   PAD
    0x08000fa4   0x08000fa4   0x000000e0   Code   RO           11    i.SetSysClockTo72   system_stm32f10x.o
    0x08001084   0x08001084   0x00000002   Code   RO          222    i.SysTick_Handler   stm32f10x_it.o
    0x08001086   0x08001086   0x00000002   PAD
    0x08001088   0x08001088   0x00000060   Code   RO           13    i.SystemInit        system_stm32f10x.o
    0x080010e8   0x080010e8   0x0000001e   Code   RO         2014    i.U8ArryCopy        otautils.o
    0x08001106   0x08001106   0x00000002   PAD
    0x08001108   0x08001108   0x000000a8   Code   RO          138    i.UART1_Init        main.o
    0x080011b0   0x080011b0   0x0000007c   Code   RO          139    i.UART2_Init        main.o
    0x0800122c   0x0800122c   0x00000024   Code   RO          140    i.USART1_IRQHandler  main.o
    0x08001250   0x08001250   0x00000018   Code   RO         1681    i.USART_Cmd         stm32f10x_usart.o
    0x08001268   0x08001268   0x0000001a   Code   RO         1684    i.USART_GetFlagStatus  stm32f10x_usart.o
    0x08001282   0x08001282   0x00000054   Code   RO         1685    i.USART_GetITStatus  stm32f10x_usart.o
    0x080012d6   0x080012d6   0x0000004a   Code   RO         1687    i.USART_ITConfig    stm32f10x_usart.o
    0x08001320   0x08001320   0x000000d8   Code   RO         1688    i.USART_Init        stm32f10x_usart.o
    0x080013f8   0x080013f8   0x0000000a   Code   RO         1695    i.USART_ReceiveData  stm32f10x_usart.o
    0x08001402   0x08001402   0x00000008   Code   RO         1698    i.USART_SendData    stm32f10x_usart.o
    0x0800140a   0x0800140a   0x00000004   Code   RO          223    i.UsageFault_Handler  stm32f10x_it.o
    0x0800140e   0x0800140e   0x00000002   PAD
    0x08001410   0x08001410   0x00000048   Code   RO         1866    i.Verify_App_Slot   otacore.o
    0x08001458   0x08001458   0x0000003a   Code   RO         2015    i.XmodemCrc16       otautils.o
    0x08001492   0x08001492   0x0000000e   Code   RO         2202    i.__scatterload_copy  mc_w.l(handlers.o)
    0x080014a0   0x080014a0   0x00000002   Code   RO         2203    i.__scatterload_null  mc_w.l(handlers.o)
    0x080014a2   0x080014a2   0x0000000e   Code   RO         2204    i.__scatterload_zeroinit  mc_w.l(handlers.o)
    0x080014b0   0x080014b0   0x00000014   Code   RO          141    i.main              main.o
    0x080014c4   0x080014c4   0x00000018   Data   RO         2114    .constdata          otaxmodem.o
    0x080014dc   0x080014dc   0x000000de   Data   RO         1867    .conststring        otacore.o
    0x080015ba   0x080015ba   0x00000002   PAD
    0x080015bc   0x080015bc   0x00000043   Data   RO         2115    .conststring        otaxmodem.o
    0x080015ff   0x080015ff   0x00000001   PAD
    0x08001600   0x08001600   0x00000020   Data   RO         2200    Region$$Table       anon$$obj.o


    Execution Region RW_IRAM1 (Exec base: 0x20000000, Load base: 0x08001620, Size: 0x00001830, Max: 0x00005000, ABSOLUTE)

    Exec Addr    Load Addr    Size         Type   Attr      Idx    E Section Name        Object

    0x20000000   0x08001620   0x00000014   Data   RW          955    .data               stm32f10x_rcc.o
    0x20000014   0x08001634   0x00000002   Data   RW         2116    .data               otaxmodem.o
    0x20000016   0x08001636   0x00000002   PAD
    0x20000018        -       0x00000408   Zero   RW         2055    .bss                otaflash.o
    0x20000420        -       0x0000040c   Zero   RW         2113    .bss                otaxmodem.o
    0x2000082c   0x08001636   0x00000004   PAD
    0x20000830        -       0x00001000   Zero   RW            1    STACK               startup_stm32f10x_hd.o


==============================================================================

Image component sizes


      Code (inc. data)   RO Data    RW Data    ZI Data      Debug   Object Name

        32          0          0          0          0        516   core_cm3.o
       396         24          0          0          0     205827   main.o
       132         22          0          0          0       3047   misc.o
       796        160        222          0          0       7142   otacore.o
       428        192          0          0       1032       4280   otaflash.o
        96         10          0          0          0       1173   otajump.o
       240         18          0          0          0       7070   otaport.o
       212          0          0          0          0       3527   otautils.o
       880        306         91          2       1036       5783   otaxmodem.o
        36          8        236          0       4096        812   startup_stm32f10x_hd.o
       286         36          0          0          0       9964   stm32f10x_flash.o
       296          0          0          0          0      10768   stm32f10x_gpio.o
        26          0          0          0          0       3694   stm32f10x_it.o
       276         32          0         20          0      12946   stm32f10x_rcc.o
       442          6          0          0          0      11833   stm32f10x_usart.o
       328         28          0          0          0      29361   system_stm32f10x.o

    ----------------------------------------------------------------------
      4922        842        584         24       6168     317743   Object Totals
         0          0         32          0          0          0   (incl. Generated)
        20          0          3          2          4          0   (incl. Padding)

    ----------------------------------------------------------------------

      Code (inc. data)   RO Data    RW Data    ZI Data      Debug   Library Member Name

         0          0          0          0          0          0   entry.o
         0          0          0          0          0          0   entry10a.o
         0          0          0          0          0          0   entry11a.o
         8          4          0          0          0          0   entry2.o
         4          0          0          0          0          0   entry5.o
         0          0          0          0          0          0   entry7b.o
         0          0          0          0          0          0   entry8b.o
         8          4          0          0          0          0   entry9a.o
        30          0          0          0          0          0   handlers.o
        36          8          0          0          0         68   init.o
        36          0          0          0          0         68   memcpya.o
        36          0          0          0          0        108   memseta.o

    ----------------------------------------------------------------------
       158         16          0          0          0        244   Library Totals
         0          0          0          0          0          0   (incl. Padding)

    ----------------------------------------------------------------------

      Code (inc. data)   RO Data    RW Data    ZI Data      Debug   Library Name

       158         16          0          0          0        244   mc_w.l

    ----------------------------------------------------------------------
       158         16          0          0          0        244   Library Totals

    ----------------------------------------------------------------------

==============================================================================


      Code (inc. data)   RO Data    RW Data    ZI Data      Debug   

      5080        858        584         24       6168     314187   Grand Totals
      5080        858        584         24       6168     314187   ELF Image Totals
      5080        858        584         24          0          0   ROM Totals

==============================================================================

    Total RO  Size (Code + RO Data)                 5664 (   5.53kB)
    Total RW  Size (RW Data + ZI Data)              6192 (   6.05kB)
    Total ROM Size (Code + RO Data + RW Data)       5688 (   5.55kB)

==============================================================================

